Component: ARM Compiler 5.06 update 6 (build 750) Tool: armlink [4d35ed]

==============================================================================

Section Cross References

    main.o(i.FatFs_Test) refers to ff.o(i.f_open) for f_open
    main.o(i.FatFs_Test) refers to ff.o(i.f_write) for f_write
    main.o(i.FatFs_Test) refers to ff.o(i.f_read) for f_read
    main.o(i.FatFs_Test) refers to ff.o(i.f_close) for f_close
    main.o(i.main) refers to sys_api.o(i.Sys_Init) for Sys_Init
    main.o(i.main) refers to sys_api.o(i.Font_Init) for Font_Init
    main.o(i.main) refers to fontupd.o(i.test01) for test01
    file_api.o(i.FileSys_Init) refers to flash.o(i.SPI_Flash_Init) for SPI_Flash_Init
    file_api.o(i.FileSys_Init) refers to exfuns.o(i.exfuns_init) for exfuns_init
    file_api.o(i.FileSys_Init) refers to noretval__2printf.o(.text) for __2printf
    file_api.o(i.FileSys_Init) refers to ff.o(i.f_mount) for f_mount
    file_api.o(i.FileSys_Init) refers to ff.o(i.f_mkfs) for f_mkfs
    file_api.o(i.FileSys_Init) refers to ff.o(i.f_setlabel) for f_setlabel
    file_api.o(i.FileSys_Init) refers to delay.o(i.delay_ms) for delay_ms
    file_api.o(i.FileSys_Init) refers to mmc_sd.o(i.SD_Initialize) for SD_Initialize
    file_api.o(i.FileSys_Init) refers to flash.o(.data) for SPI_FLASH_TYPE
    file_api.o(i.FileSys_Init) refers to exfuns.o(.data) for fs
    file_api.o(i.USB_Connecte) refers to noretval__2printf.o(.text) for __2printf
    file_api.o(i.USB_Connecte) refers to llsdiv.o(.text) for __aeabi_ldivmod
    file_api.o(i.USB_Connecte) refers to mmc_sd.o(i.SD_Initialize) for SD_Initialize
    file_api.o(i.USB_Connecte) refers to delay.o(i.delay_ms) for delay_ms
    file_api.o(i.USB_Connecte) refers to hw_config.o(i.USB_Port_Set) for USB_Port_Set
    file_api.o(i.USB_Connecte) refers to malloc.o(i.mymalloc) for mymalloc
    file_api.o(i.USB_Connecte) refers to hw_config.o(i.USB_Interrupts_Config) for USB_Interrupts_Config
    file_api.o(i.USB_Connecte) refers to hw_config.o(i.Set_USBClock) for Set_USBClock
    file_api.o(i.USB_Connecte) refers to usb_init.o(i.USB_Init) for USB_Init
    file_api.o(i.USB_Connecte) refers to flash.o(.data) for SPI_FLASH_TYPE
    file_api.o(i.USB_Connecte) refers to mass_mal.o(.data) for Mass_Memory_Size
    file_api.o(i.USB_Connecte) refers to usb_prop.o(.data) for Max_Lun
    file_api.o(i.USB_Connecte) refers to file_api.o(.data) for connete
    file_api.o(i.USB_Connecte) refers to memory.o(.data) for Data_Buffer
    file_api.o(i.USB_Connecte) refers to usb_bot.o(.data) for Bulk_Data_Buff
    file_api.o(i.USB_Connecte) refers to usb_pwr.o(.data) for bDeviceState
    sys_api.o(i.Font_Init) refers to _printf_percent.o(.ARM.Collect$$_printf_percent$$00000000) for _printf_percent
    sys_api.o(i.Font_Init) refers to _printf_d.o(.ARM.Collect$$_printf_percent$$00000009) for _printf_d
    sys_api.o(i.Font_Init) refers to _printf_dec.o(.text) for _printf_int_dec
    sys_api.o(i.Font_Init) refers to file_api.o(i.FileSys_Init) for FileSys_Init
    sys_api.o(i.Font_Init) refers to fontupd.o(i.font_init) for font_init
    sys_api.o(i.Font_Init) refers to fontupd.o(i.update_font) for update_font
    sys_api.o(i.Font_Init) refers to noretval__2printf.o(.text) for __2printf
    sys_api.o(i.Sys_Init) refers to delay.o(i.delay_init) for delay_init
    sys_api.o(i.Sys_Init) refers to misc.o(i.NVIC_PriorityGroupConfig) for NVIC_PriorityGroupConfig
    sys_api.o(i.Sys_Init) refers to usart.o(i.uart_init) for uart_init
    sys_api.o(i.Sys_Init) refers to led.o(i.LED_Init) for LED_Init
    sys_api.o(i.Sys_Init) refers to key.o(i.KEY_Init) for KEY_Init
    sys_api.o(i.Sys_Init) refers to oled.o(i.OLED_Init) for OLED_Init
    sys_api.o(i.Sys_Init) refers to malloc.o(i.mem_init) for mem_init
    test.o(i.Mem_Test) refers to _printf_pad.o(.text) for _printf_pre_padding
    test.o(i.Mem_Test) refers to _printf_percent.o(.ARM.Collect$$_printf_percent$$00000000) for _printf_percent
    test.o(i.Mem_Test) refers to _printf_d.o(.ARM.Collect$$_printf_percent$$00000009) for _printf_d
    test.o(i.Mem_Test) refers to _printf_dec.o(.text) for _printf_int_dec
    test.o(i.Mem_Test) refers to _printf_s.o(.ARM.Collect$$_printf_percent$$00000014) for _printf_s
    test.o(i.Mem_Test) refers to _printf_str.o(.text) for _printf_str
    test.o(i.Mem_Test) refers to _printf_x.o(.ARM.Collect$$_printf_percent$$0000000C) for _printf_x
    test.o(i.Mem_Test) refers to _printf_hex_int.o(.text) for _printf_longlong_hex
    test.o(i.Mem_Test) refers to noretval__2printf.o(.text) for __2printf
    test.o(i.Mem_Test) refers to oled.o(i.OLED_Clear) for OLED_Clear
    test.o(i.Mem_Test) refers to oled.o(i.OLED_ShowString) for OLED_ShowString
    test.o(i.Mem_Test) refers to oled.o(i.OLED_Refresh) for OLED_Refresh
    test.o(i.Mem_Test) refers to key.o(i.KEY_Scan) for KEY_Scan
    test.o(i.Mem_Test) refers to malloc.o(i.mymalloc) for mymalloc
    test.o(i.Mem_Test) refers to noretval__2sprintf.o(.text) for __2sprintf
[...]
    .data                                    0x20000380   Section       20  system_stm32f10x.o(.data)
    .bss                                     0x20000394   Section     1024  oled.o(.bss)
    .bss                                     0x20000794   Section     4096  flash.o(.bss)
    .bss                                     0x20001794   Section    10880  malloc.o(.bss)
    .bss                                     0x20004214   Section       25  fontupd.o(.bss)
    .bss                                     0x20004230   Section       28  usb_init.o(.bss)
    .bss                                     0x2000424c   Section       48  usb_bot.o(.bss)
    .bss                                     0x2000427c   Section       32  usb_pwr.o(.bss)
    .bss                                     0x2000429c   Section      200  usart.o(.bss)
    .bss                                     0x20004364   Section       96  libspace.o(.bss)
    HEAP                                     0x200043c8   Section      512  startup_stm32f10x_md.o(HEAP)
    Heap_Mem                                 0x200043c8   Data         512  startup_stm32f10x_md.o(HEAP)
    STACK                                    0x200045c8   Section     1024  startup_stm32f10x_md.o(STACK)
    Stack_Mem                                0x200045c8   Data        1024  startup_stm32f10x_md.o(STACK)
    __initial_sp                             0x200049c8   Data           0  startup_stm32f10x_md.o(STACK)

    Global Symbols

    Symbol Name                              Value     Ov Type        Size  Object(Section)

    BuildAttributes$$THM_ISAv4$P$D$K$B$S$PE$A:L22UL41UL21$X:L11$S22US41US21$IEEE1$IW$USESV6$~STKCKD$USESV7$~SHL$OSPACE$ROPI$EBA8$UX$STANDARDLIB$REQ8$PRES8$EABIv2 0x00000000   Number         0  anon$$obj.o ABSOLUTE
    __ARM_use_no_argv                        0x00000000   Number         0  main.o ABSOLUTE
    _printf_flags                            0x00000000   Number         0  printf_stubs.o ABSOLUTE
    _printf_return_value                     0x00000000   Number         0  printf_stubs.o ABSOLUTE
    _printf_sizespec                         0x00000000   Number         0  printf_stubs.o ABSOLUTE
    _printf_widthprec                        0x00000000   Number         0  printf_stubs.o ABSOLUTE
    __ARM_exceptions_init                     - Undefined Weak Reference
    __alloca_initialize                       - Undefined Weak Reference
    __arm_preinit_                            - Undefined Weak Reference
    __cpp_initialize__aeabi_                  - Undefined Weak Reference
    __cxa_finalize                            - Undefined Weak Reference
    __rt_locale                               - Undefined Weak Reference
    __sigvec_lookup                           - Undefined Weak Reference
    _atexit_init                              - Undefined Weak Reference
    _call_atexit_fns                          - Undefined Weak Reference
    _clock_init                               - Undefined Weak Reference
    _fp_trap_init                             - Undefined Weak Reference
    _fp_trap_shutdown                         - Undefined Weak Reference
    _get_lc_collate                           - Undefined Weak Reference
    _get_lc_ctype                             - Undefined Weak Reference
    _get_lc_monetary                          - Undefined Weak Reference
    _get_lc_numeric                           - Undefined Weak Reference
    _get_lc_time                              - Undefined Weak Reference
    _getenv_init                              - Undefined Weak Reference
    _handle_redirection                       - Undefined Weak Reference
    _init_alloc                               - Undefined Weak Reference
    _init_user_alloc                          - Undefined Weak Reference
    _initio                                   - Undefined Weak Reference
    _mutex_acquire                            - Undefined Weak Reference
    _mutex_release                            - Undefined Weak Reference
    _printf_mbtowc                            - Undefined Weak Reference
    _printf_truncate_signed                   - Undefined Weak Reference
    _printf_truncate_unsigned                 - Undefined Weak Reference
    _rand_init                                - Undefined Weak Reference
    _signal_finish                            - Undefined Weak Reference
    _signal_init                              - Undefined Weak Reference
    _terminate_alloc                          - Undefined Weak Reference
    _terminate_user_alloc                     - Undefined Weak Reference
    _terminateio                              - Undefined Weak Reference
    __Vectors_Size                           0x000000ec   Number         0  startup_stm32f10x_md.o ABSOLUTE
    __Vectors                                0x08000000   Data           4  startup_stm32f10x_md.o(RESET)
    __Vectors_End                            0x080000ec   Data           0  startup_stm32f10x_md.o(RESET)
    __main                                   0x080000ed   Thumb Code     8  __main.o(!!!main)
    __scatterload                            0x080000f5   Thumb Code     0  __scatter.o(!!!scatter)
    __scatterload_rt2                        0x080000f5   Thumb Code    44  __scatter.o(!!!scatter)
    __scatterload_rt2_thumb_only             0x080000f5   Thumb Code     0  __scatter.o(!!!scatter)
    __scatterload_null                       0x08000103   Thumb Code     0  __scatter.o(!!!scatter)
    __decompress                             0x08000129   Thumb Code    90  __dczerorl2.o(!!dczerorl2)
    __decompress1                            0x08000129   Thumb Code     0  __dczerorl2.o(!!dczerorl2)
    __scatterload_zeroinit                   0x08000185   Thumb Code    28  __scatter_zi.o(!!handler_zi)
    _printf_d                                0x080001a1   Thumb Code     0  _printf_d.o(.ARM.Collect$$_printf_percent$$00000009)
    _printf_percent                          0x080001a1   Thumb Code     0  _printf_percent.o(.ARM.Collect$$_printf_percent$$00000000)
    _printf_x                                0x080001a7   Thumb Code     0  _printf_x.o(.ARM.Collect$$_printf_percent$$0000000C)
    _printf_percent_end                      0x080001ad   Thumb Code     0  _printf_percent_end.o(.ARM.Collect$$_printf_percent$$00000017)
    __rt_lib_init                            0x080001b1   Thumb Code     0  libinit.o(.ARM.Collect$$libinit$$00000000)
    __rt_lib_init_alloca_1                   0x080001b3   Thumb Code     0  libinit2.o(.ARM.Collect$$libinit$$0000002E)
    __rt_lib_init_argv_1                     0x080001b3   Thumb Code     0  libinit2.o(.ARM.Collect$$libinit$$0000002C)
    __rt_lib_init_atexit_1                   0x080001b3   Thumb Code     0  libinit2.o(.ARM.Collect$$libinit$$0000001B)
    __rt_lib_init_clock_1                    0x080001b3   Thumb Code     0  libinit2.o(.ARM.Collect$$libinit$$00000021)
    __rt_lib_init_cpp_1                      0x080001b3   Thumb Code     0  libinit2.o(.ARM.Collect$$libinit$$00000032)
    __rt_lib_init_exceptions_1               0x080001b3   Thumb Code     0  libinit2.o(.ARM.Collect$$libinit$$00000030)
    __rt_lib_init_fp_1                       0x080001b3   Thumb Code     0  libinit2.o(.ARM.Collect$$libinit$$00000002)
    __rt_lib_init_fp_trap_1                  0x080001b3   Thumb Code     0  libinit2.o(.ARM.Collect$$libinit$$0000001F)
    __rt_lib_init_getenv_1                   0x080001b3   Thumb Code     0  libinit2.o(.ARM.Collect$$libinit$$00000023)
    __rt_lib_init_heap_1                     0x080001b3   Thumb Code     0  libinit2.o(.ARM.Collect$$libinit$$0000000A)
    __rt_lib_init_lc_collate_1               0x080001b3   Thumb Code     0  libinit2.o(.ARM.Collect$$libinit$$00000011)
    __rt_lib_init_lc_ctype_1                 0x080001b3   Thumb Code     0  libinit2.o(.ARM.Collect$$libinit$$00000013)
    __rt_lib_init_lc_monetary_1              0x080001b3   Thumb Code     0  libinit2.o(.ARM.Collect$$libinit$$00000015)
    __rt_lib_init_lc_numeric_1               0x080001b3   Thumb Code     0  libinit2.o(.ARM.Collect$$libinit$$00000017)
    __rt_lib_init_lc_time_1                  0x080001b3   Thumb Code     0  libinit2.o(.ARM.Collect$$libinit$$00000019)
    __rt_lib_init_preinit_1                  0x080001b3   Thumb Code     0  libinit2.o(.ARM.Collect$$libinit$$00000004)
    __rt_lib_init_rand_1                     0x080001b3   Thumb Code     0  libinit2.o(.ARM.Collect$$libinit$$0000000E)
    __rt_lib_init_return                     0x080001b3   Thumb Code     0  libinit2.o(.ARM.Collect$$libinit$$00000033)
    __rt_lib_init_signal_1                   0x080001b3   Thumb Code     0  libinit2.o(.ARM.Collect$$libinit$$0000001D)
    __rt_lib_init_stdio_1                    0x080001b3   Thumb Code     0  libinit2.o(.ARM.Collect$$libinit$$00000025)
    __rt_lib_init_user_alloc_1               0x080001b3   Thumb Code     0  libinit2.o(.ARM.Collect$$libinit$$0000000C)
    __rt_lib_shutdown                        0x080001b5   Thumb Code     0  libshutdown.o(.ARM.Collect$$libshutdown$$00000000)
    __rt_lib_shutdown_cpp_1                  0x080001b7   Thumb Code     0  libshutdown2.o(.ARM.Collect$$libshutdown$$00000002)
    __rt_lib_shutdown_fp_trap_1              0x080001b7   Thumb Code     0  libshutdown2.o(.ARM.Collect$$libshutdown$$00000007)
    __rt_lib_shutdown_heap_1                 0x080001b7   Thumb Code     0  libshutdown2.o(.ARM.Collect$$libshutdown$$0000000F)
    __rt_lib_shutdown_return                 0x080001b7   Thumb Code     0  libshutdown2.o(.ARM.Collect$$libshutdown$$00000010)
    __rt_lib_shutdown_signal_1               0x080001b7   Thumb Code     0  libshutdown2.o(.ARM.Collect$$libshutdown$$0000000A)
    __rt_lib_shutdown_stdio_1                0x080001b7   Thumb Code     0  libshutdown2.o(.ARM.Collect$$libshutdown$$00000004)
    __rt_lib_shutdown_user_alloc_1           0x080001b7   Thumb Code     0  libshutdown2.o(.ARM.Collect$$libshutdown$$0000000C)
    __rt_entry                               0x080001b9   Thumb Code     0  __rtentry.o(.ARM.Collect$$rtentry$$00000000)
    __rt_entry_presh_1                       0x080001b9   Thumb Code     0  __rtentry2.o(.ARM.Collect$$rtentry$$00000002)
    __rt_entry_sh                            0x080001b9   Thumb Code     0  __rtentry4.o(.ARM.Collect$$rtentry$$00000004)
    __rt_entry_li                            0x080001bf   Thumb Code     0  __rtentry2.o(.ARM.Collect$$rtentry$$0000000A)
    __rt_entry_postsh_1                      0x080001bf   Thumb Code     0  __rtentry2.o(.ARM.Collect$$rtentry$$00000009)
    __rt_entry_main                          0x080001c3   Thumb Code     0  __rtentry2.o(.ARM.Collect$$rtentry$$0000000D)
    __rt_entry_postli_1                      0x080001c3   Thumb Code     0  __rtentry2.o(.ARM.Collect$$rtentry$$0000000C)
    __rt_exit                                0x080001cb   Thumb Code     0  rtexit.o(.ARM.Collect$$rtexit$$00000000)
    __rt_exit_ls                             0x080001cd   Thumb Code     0  rtexit2.o(.ARM.Collect$$rtexit$$00000003)
    __rt_exit_prels_1                        0x080001cd   Thumb Code     0  rtexit2.o(.ARM.Collect$$rtexit$$00000002)
    __rt_exit_exit                           0x080001d1   Thumb Code     0  rtexit2.o(.ARM.Collect$$rtexit$$00000004)
    Reset_Handler                            0x080001d9   Thumb Code     8  startup_stm32f10x_md.o(.text)
    ADC1_2_IRQHandler                        0x080001f3   Thumb Code     0  startup_stm32f10x_md.o(.text)
    CAN1_RX1_IRQHandler                      0x080001f3   Thumb Code     0  startup_stm32f10x_md.o(.text)
    CAN1_SCE_IRQHandler                      0x080001f3   Thumb Code     0  startup_stm32f10x_md.o(.text)
    DMA1_Channel1_IRQHandler                 0x080001f3   Thumb Code     0  startup_stm32f10x_md.o(.text)
    DMA1_Channel2_IRQHandler                 0x080001f3   Thumb Code     0  startup_stm32f10x_md.o(.text)
    DMA1_Channel3_IRQHandler                 0x080001f3   Thumb Code     0  startup_stm32f10x_md.o(.text)
    DMA1_Channel4_IRQHandler                 0x080001f3   Thumb Code     0  startup_stm32f10x_md.o(.text)
    DMA1_Channel5_IRQHandler                 0x080001f3   Thumb Code     0  startup_stm32f10x_md.o(.text)
    DMA1_Channel6_IRQHandler                 0x080001f3   Thumb Code     0  startup_stm32f10x_md.o(.text)
    DMA1_Channel7_IRQHandler                 0x080001f3   Thumb Code     0  startup_stm32f10x_md.o(.text)
    EXTI0_IRQHandler                         0x080001f3   Thumb Code     0  startup_stm32f10x_md.o(.text)
    EXTI15_10_IRQHandler                     0x080001f3   Thumb Code     0  startup_stm32f10x_md.o(.text)
    EXTI1_IRQHandler                         0x080001f3   Thumb Code     0  startup_stm32f10x_md.o(.text)
    EXTI2_IRQHandler                         0x080001f3   Thumb Code     0  startup_stm32f10x_md.o(.text)
    EXTI3_IRQHandler                         0x080001f3   Thumb Code     0  startup_stm32f10x_md.o(.text)
    EXTI4_IRQHandler                         0x080001f3   Thumb Code     0  startup_stm32f10x_md.o(.text)
    EXTI9_5_IRQHandler                       0x080001f3   Thumb Code     0  startup_stm32f10x_md.o(.text)
    FLASH_IRQHandler                         0x080001f3   Thumb Code     0  startup_stm32f10x_md.o(.text)
    I2C1_ER_IRQHandler                       0x080001f3   Thumb Code     0  startup_stm32f10x_md.o(.text)
    I2C1_EV_IRQHandler                       0x080001f3   Thumb Code     0  startup_stm32f10x_md.o(.text)
    I2C2_ER_IRQHandler                       0x080001f3   Thumb Code     0  startup_stm32f10x_md.o(.text)
    I2C2_EV_IRQHandler                       0x080001f3   Thumb Code     0  startup_stm32f10x_md.o(.text)
    PVD_IRQHandler                           0x080001f3   Thumb Code     0  startup_stm32f10x_md.o(.text)
    RCC_IRQHandler                           0x080001f3   Thumb Code     0  startup_stm32f10x_md.o(.text)
    RTCAlarm_IRQHandler                      0x080001f3   Thumb Code     0  startup_stm32f10x_md.o(.text)
    RTC_IRQHandler                           0x080001f3   Thumb Code     0  startup_stm32f10x_md.o(.text)
    SPI1_IRQHandler                          0x080001f3   Thumb Code     0  startup_stm32f10x_md.o(.text)
    SPI2_IRQHandler                          0x080001f3   Thumb Code     0  startup_stm32f10x_md.o(.text)
    TAMPER_IRQHandler                        0x080001f3   Thumb Code     0  startup_stm32f10x_md.o(.text)
    TIM1_BRK_IRQHandler                      0x080001f3   Thumb Code     0  startup_stm32f10x_md.o(.text)
    TIM1_CC_IRQHandler                       0x080001f3   Thumb Code     0  startup_stm32f10x_md.o(.text)
    TIM1_TRG_COM_IRQHandler                  0x080001f3   Thumb Code     0  startup_stm32f10x_md.o(.text)
    TIM1_UP_IRQHandler                       0x080001f3   Thumb Code     0  startup_stm32f10x_md.o(.text)
    TIM2_IRQHandler                          0x080001f3   Thumb Code     0  startup_stm32f10x_md.o(.text)
    TIM3_IRQHandler                          0x080001f3   Thumb Code     0  startup_stm32f10x_md.o(.text)
    TIM4_IRQHandler                          0x080001f3   Thumb Code     0  startup_stm32f10x_md.o(.text)
    USART2_IRQHandler                        0x080001f3   Thumb Code     0  startup_stm32f10x_md.o(.text)
    USART3_IRQHandler                        0x080001f3   Thumb Code     0  startup_stm32f10x_md.o(.text)
    USB_HP_CAN1_TX_IRQHandler                0x080001f3   Thumb Code     0  startup_stm32f10x_md.o(.text)
    WWDG_IRQHandler                          0x080001f3   Thumb Code     0  startup_stm32f10x_md.o(.text)
    __user_initial_stackheap                 0x080001f5   Thumb Code     0  startup_stm32f10x_md.o(.text)
    __use_no_semihosting                     0x08000219   Thumb Code     2  use_no_semi_2.o(.text)
    __aeabi_uldivmod                         0x0800021b   Thumb Code     0  lludivv7m.o(.text)
    _ll_udiv                                 0x0800021b   Thumb Code   238  lludivv7m.o(.text)
    __2printf                                0x08000309   Thumb Code    20  noretval__2printf.o(.text)
    _printf_int_dec                          0x08000321   Thumb Code   104  _printf_dec.o(.text)
    _printf_int_hex                          0x08000399   Thumb Code    84  _printf_hex_int.o(.text)
    _printf_longlong_hex                     0x08000399   Thumb Code     0  _printf_hex_int.o(.text)
    __printf                                 0x080003f1   Thumb Code   308  __printf_flags_wp.o(.text)
    __use_two_region_memory                  0x08000529   Thumb Code     2  heapauxi.o(.text)
    __rt_heap_escrow$2region                 0x0800052b   Thumb Code     2  heapauxi.o(.text)
    __rt_heap_expand$2region                 0x0800052d   Thumb Code     2  heapauxi.o(.text)
    __I$use$semihosting                      0x0800052f   Thumb Code     0  use_no_semi.o(.text)
    __use_no_semihosting_swi                 0x0800052f   Thumb Code     2  use_no_semi.o(.text)
    _printf_int_common                       0x08000531   Thumb Code   178  _printf_intcommon.o(.text)
    _printf_char_common                      0x080005ef   Thumb Code    32  _printf_char_common.o(.text)
    _printf_char_file                        0x08000615   Thumb Code    32  _printf_char_file.o(.text)
    ferror                                   0x08000639   Thumb Code     8  ferror.o(.text)
    __user_setup_stackheap                   0x08000641   Thumb Code    74  sys_stackheap_outer.o(.text)
    exit                                     0x0800068b   Thumb Code    18  exit.o(.text)
    __user_libspace                          0x0800069d   Thumb Code     8  libspace.o(.text)
    __user_perproc_libspace                  0x0800069d   Thumb Code     0  libspace.o(.text)
    __user_perthread_libspace                0x0800069d   Thumb Code     0  libspace.o(.text)
    Bot_Abort                                0x080006a5   Thumb Code    64  usb_bot.o(i.Bot_Abort)
    BusFault_Handler                         0x080006e5   Thumb Code     4  stm32f10x_it.o(i.BusFault_Handler)
    ByteSwap                                 0x080006e9   Thumb Code    12  usb_regs.o(i.ByteSwap)
    CBW_Decode                               0x080006f5   Thumb Code   678  usb_bot.o(i.CBW_Decode)
    CTR_LP                                   0x080009bd   Thumb Code   616  usb_int.o(i.CTR_LP)
    ClearDTOG_RX                             0x08000c45   Thumb Code    48  usb_regs.o(i.ClearDTOG_RX)
    ClearDTOG_TX                             0x08000c79   Thumb Code    48  usb_regs.o(i.ClearDTOG_TX)
    Clear_Status_Out                         0x08000cad   Thumb Code    34  usb_regs.o(i.Clear_Status_Out)
    DebugMon_Handler                         0x080010e9   Thumb Code     2  stm32f10x_it.o(i.DebugMon_Handler)
    EP1_IN_Callback                          0x080010eb   Thumb Code     8  usb_endp.o(i.EP1_IN_Callback)
    EP2_OUT_Callback                         0x080010f3   Thumb Code     8  usb_endp.o(i.EP2_OUT_Callback)
    EXTI_ClearITPendingBit                   0x080010fd   Thumb Code     6  stm32f10x_exti.o(i.EXTI_ClearITPendingBit)
    Enter_LowPowerMode                       0x08001109   Thumb Code    16  hw_config.o(i.Enter_LowPowerMode)
    FileSys_Init                             0x08001139   Thumb Code   144  file_api.o(i.FileSys_Init)
    Font_Init                                0x0800125d   Thumb Code    52  sys_api.o(i.Font_Init)
    GPIO_Init                                0x080012d1   Thumb Code   278  stm32f10x_gpio.o(i.GPIO_Init)
    GPIO_ResetBits                           0x080013e7   Thumb Code     4  stm32f10x_gpio.o(i.GPIO_ResetBits)
    GPIO_SetBits                             0x080013eb   Thumb Code     4  stm32f10x_gpio.o(i.GPIO_SetBits)
    GetEPRxAddr                              0x080013f1   Thumb Code    24  usb_regs.o(i.GetEPRxAddr)
    GetEPRxCount                             0x08001411   Thumb Code    26  usb_regs.o(i.GetEPRxCount)
    GetEPRxStatus                            0x08001435   Thumb Code    18  usb_regs.o(i.GetEPRxStatus)
    GetEPTxAddr                              0x0800144d   Thumb Code    22  usb_regs.o(i.GetEPTxAddr)
    Get_Max_Lun                              0x0800146d   Thumb Code    20  usb_prop.o(i.Get_Max_Lun)
    Get_SerialNum                            0x08001489   Thumb Code    42  hw_config.o(i.Get_SerialNum)
    HardFault_Handler                        0x080014bd   Thumb Code     4  stm32f10x_it.o(i.HardFault_Handler)
    I2C_Start                                0x080014c1   Thumb Code    56  oled.o(i.I2C_Start)
    I2C_Stop                                 0x080014fd   Thumb Code    38  oled.o(i.I2C_Stop)
    I2C_WaitAck                              0x08001529   Thumb Code    46  oled.o(i.I2C_WaitAck)
    IIC_delay                                0x0800155d   Thumb Code    16  oled.o(i.IIC_delay)
    In0_Process                              0x0800156d   Thumb Code    98  usb_core.o(i.In0_Process)
    IntToUnicode                             0x080015dd   Thumb Code    62  hw_config.o(i.IntToUnicode)
    KEY_Init                                 0x0800161d   Thumb Code    74  key.o(i.KEY_Init)
    LED_Init                                 0x08001675   Thumb Code    62  led.o(i.LED_Init)
    Leave_LowPowerMode                       0x080016c1   Thumb Code    30  hw_config.o(i.Leave_LowPowerMode)
    Led_RW_OFF                               0x08001701   Thumb Code     8  hw_config.o(i.Led_RW_OFF)
    Led_RW_ON                                0x0800170d   Thumb Code     8  hw_config.o(i.Led_RW_ON)
    MAL_GetStatus                            0x08001719   Thumb Code    22  mass_mal.o(i.MAL_GetStatus)
    MAL_Read                                 0x0800172f   Thumb Code    74  mass_mal.o(i.MAL_Read)
    MAL_Write                                0x08001779   Thumb Code    74  mass_mal.o(i.MAL_Write)
    MASS_Data_Setup                          0x080017c5   Thumb Code    86  usb_prop.o(i.MASS_Data_Setup)
    MASS_GetConfigDescriptor                 0x08001825   Thumb Code    14  usb_prop.o(i.MASS_GetConfigDescriptor)
    MASS_GetDeviceDescriptor                 0x08001839   Thumb Code    14  usb_prop.o(i.MASS_GetDeviceDescriptor)
    MASS_GetStringDescriptor                 0x0800184d   Thumb Code    32  usb_prop.o(i.MASS_GetStringDescriptor)
    MASS_Get_Interface_Setting               0x08001875   Thumb Code    22  usb_prop.o(i.MASS_Get_Interface_Setting)
    MASS_NoData_Setup                        0x0800188d   Thumb Code    76  usb_prop.o(i.MASS_NoData_Setup)
    MASS_Reset                               0x080018e9   Thumb Code   208  usb_prop.o(i.MASS_Reset)
    MASS_Status_In                           0x080019d9   Thumb Code     2  usb_prop.o(i.MASS_Status_In)
    MASS_Status_Out                          0x080019db   Thumb Code     2  usb_prop.o(i.MASS_Status_Out)
    MASS_init                                0x080019dd   Thumb Code    30  usb_prop.o(i.MASS_init)
    Mass_Storage_ClearFeature                0x08001a05   Thumb Code    20  usb_prop.o(i.Mass_Storage_ClearFeature)
    Mass_Storage_In                          0x08001a21   Thumb Code   146  usb_bot.o(i.Mass_Storage_In)
    Mass_Storage_Out                         0x08001ac9   Thumb Code   144  usb_bot.o(i.Mass_Storage_Out)
    Mass_Storage_SetConfiguration            0x08001b75   Thumb Code    36  usb_prop.o(i.Mass_Storage_SetConfiguration)
    Mass_Storage_SetDeviceAddress            0x08001ba5   Thumb Code     8  usb_prop.o(i.Mass_Storage_SetDeviceAddress)
    MemManage_Handler                        0x08001bb1   Thumb Code     4  stm32f10x_it.o(i.MemManage_Handler)
    NMI_Handler                              0x08001bb5   Thumb Code     2  stm32f10x_it.o(i.NMI_Handler)
    NOP_Process                              0x08001bb7   Thumb Code     2  usb_core.o(i.NOP_Process)
    NVIC_Init                                0x08001bb9   Thumb Code   100  misc.o(i.NVIC_Init)
    NVIC_PriorityGroupConfig                 0x08001c29   Thumb Code    10  misc.o(i.NVIC_PriorityGroupConfig)
    OLED_Clear                               0x08001d75   Thumb Code    42  oled.o(i.OLED_Clear)
    OLED_Init                                0x08001da5   Thumb Code   262  oled.o(i.OLED_Init)
    OLED_Refresh                             0x08001eb1   Thumb Code   100  oled.o(i.OLED_Refresh)
    OLED_WR_Byte                             0x08001f19   Thumb Code    56  oled.o(i.OLED_WR_Byte)
    Out0_Process                             0x08001f51   Thumb Code    70  usb_core.o(i.Out0_Process)
    PMAToUserBufferCopy                      0x08001fa1   Thumb Code    34  usb_mem.o(i.PMAToUserBufferCopy)
    PendSV_Handler                           0x08001fc9   Thumb Code     2  stm32f10x_it.o(i.PendSV_Handler)
    Post0_Process                            0x08001fcd   Thumb Code    54  usb_core.o(i.Post0_Process)
    PowerOn                                  0x08002015   Thumb Code    54  usb_pwr.o(i.PowerOn)
    RCC_APB1PeriphClockCmd                   0x08002055   Thumb Code    26  stm32f10x_rcc.o(i.RCC_APB1PeriphClockCmd)
    RCC_APB2PeriphClockCmd                   0x08002075   Thumb Code    26  stm32f10x_rcc.o(i.RCC_APB2PeriphClockCmd)
    RCC_GetClocksFreq                        0x08002095   Thumb Code   192  stm32f10x_rcc.o(i.RCC_GetClocksFreq)
    Read_Memory                              0x08002169   Thumb Code   302  memory.o(i.Read_Memory)
    Resume                                   0x080022c1   Thumb Code   194  usb_pwr.o(i.Resume)
    Resume_Init                              0x08002391   Thumb Code    30  usb_pwr.o(i.Resume_Init)
    SCSI_Address_Management                  0x080023b5   Thumb Code   126  usb_scsi.o(i.SCSI_Address_Management)
    SCSI_Format_Cmd                          0x08002441   Thumb Code    44  usb_scsi.o(i.SCSI_Format_Cmd)
    SCSI_Inquiry_Cmd                         0x08002471   Thumb Code    54  usb_scsi.o(i.SCSI_Inquiry_Cmd)
    SCSI_Invalid_Cmd                         0x080024b9   Thumb Code    64  usb_scsi.o(i.SCSI_Invalid_Cmd)
    SCSI_ModeSense10_Cmd                     0x080024fd   Thumb Code    14  usb_scsi.o(i.SCSI_ModeSense10_Cmd)
    SCSI_ModeSense6_Cmd                      0x08002511   Thumb Code    14  usb_scsi.o(i.SCSI_ModeSense6_Cmd)
    SCSI_Read10_Cmd                          0x08002525   Thumb Code   110  usb_scsi.o(i.SCSI_Read10_Cmd)
    SCSI_ReadCapacity10_Cmd                  0x0800259d   Thumb Code   138  usb_scsi.o(i.SCSI_ReadCapacity10_Cmd)
    SCSI_ReadFormatCapacity_Cmd              0x08002639   Thumb Code   120  usb_scsi.o(i.SCSI_ReadFormatCapacity_Cmd)
    SCSI_RequestSense_Cmd                    0x080026c1   Thumb Code    30  usb_scsi.o(i.SCSI_RequestSense_Cmd)
    SCSI_Start_Stop_Unit_Cmd                 0x080026e9   Thumb Code    14  usb_scsi.o(i.SCSI_Start_Stop_Unit_Cmd)
    SCSI_TestUnitReady_Cmd                   0x080026f9   Thumb Code    52  usb_scsi.o(i.SCSI_TestUnitReady_Cmd)
    SCSI_Verify10_Cmd                        0x08002731   Thumb Code    58  usb_scsi.o(i.SCSI_Verify10_Cmd)
    SCSI_Write10_Cmd                         0x08002771   Thumb Code   110  usb_scsi.o(i.SCSI_Write10_Cmd)
    SD_DisSelect                             0x080027e9   Thumb Code    16  mmc_sd.o(i.SD_DisSelect)
    SD_GetCSD                                0x080027fd   Thumb Code    42  mmc_sd.o(i.SD_GetCSD)
    SD_GetResponse                           0x08002827   Thumb Code    38  mmc_sd.o(i.SD_GetResponse)
    SD_GetSectorCount                        0x0800284d   Thumb Code   118  mmc_sd.o(i.SD_GetSectorCount)
    SD_Initialize                            0x080028c5   Thumb Code   386  mmc_sd.o(i.SD_Initialize)
    SD_ReadDisk                              0x08002a4d   Thumb Code   112  mmc_sd.o(i.SD_ReadDisk)
    SD_RecvData                              0x08002ac1   Thumb Code    58  mmc_sd.o(i.SD_RecvData)
    SD_SPI_Init                              0x08002b01   Thumb Code    56  mmc_sd.o(i.SD_SPI_Init)
    SD_SPI_ReadWriteByte                     0x08002b41   Thumb Code    14  mmc_sd.o(i.SD_SPI_ReadWriteByte)
    SD_SPI_SpeedHigh                         0x08002b55   Thumb Code    12  mmc_sd.o(i.SD_SPI_SpeedHigh)
    SD_SPI_SpeedLow                          0x08002b65   Thumb Code    12  mmc_sd.o(i.SD_SPI_SpeedLow)
    SD_Select                                0x08002b75   Thumb Code    26  mmc_sd.o(i.SD_Select)
    SD_SendBlock                             0x08002b95   Thumb Code    84  mmc_sd.o(i.SD_SendBlock)
    SD_SendCmd                               0x08002bed   Thumb Code   120  mmc_sd.o(i.SD_SendCmd)
    SD_WaitReady                             0x08002c65   Thumb Code    34  mmc_sd.o(i.SD_WaitReady)
    SD_WriteDisk                             0x08002c89   Thumb Code   140  mmc_sd.o(i.SD_WriteDisk)
    SPI1_Init                                0x08002d19   Thumb Code   132  spi.o(i.SPI1_Init)
    SPI2_Init                                0x08002da5   Thumb Code   142  spi.o(i.SPI2_Init)
    SPI_Cmd                                  0x08002e3d   Thumb Code    24  stm32f10x_spi.o(i.SPI_Cmd)
    SPI_Flash_Erase_Sector                   0x08002e55   Thumb Code    78  flash.o(i.SPI_Flash_Erase_Sector)
    SPI_Flash_Init                           0x08002eb9   Thumb Code    80  flash.o(i.SPI_Flash_Init)
    SPI_Flash_Read                           0x08002f19   Thumb Code    84  flash.o(i.SPI_Flash_Read)
    SPI_Flash_ReadID                         0x08002f75   Thumb Code    76  flash.o(i.SPI_Flash_ReadID)
    SPI_Flash_ReadSR                         0x08002fcd   Thumb Code    40  flash.o(i.SPI_Flash_ReadSR)
    SPI_Flash_Wait_Busy                      0x08003001   Thumb Code    18  flash.o(i.SPI_Flash_Wait_Busy)
    SPI_Flash_Write                          0x08003015   Thumb Code   180  flash.o(i.SPI_Flash_Write)
    SPI_Flash_Write_Enable                   0x080030cd   Thumb Code    26  flash.o(i.SPI_Flash_Write_Enable)
    SPI_Flash_Write_NoCheck                  0x080030f5   Thumb Code    70  flash.o(i.SPI_Flash_Write_NoCheck)
    SPI_Flash_Write_Page                     0x0800313d   Thumb Code    90  flash.o(i.SPI_Flash_Write_Page)
    SPI_I2S_GetFlagStatus                    0x080031a1   Thumb Code    18  stm32f10x_spi.o(i.SPI_I2S_GetFlagStatus)
    SPI_I2S_ReceiveData                      0x080031b3   Thumb Code     6  stm32f10x_spi.o(i.SPI_I2S_ReceiveData)
    SPI_I2S_SendData                         0x080031b9   Thumb Code     4  stm32f10x_spi.o(i.SPI_I2S_SendData)
    SPI_Init                                 0x080031bd   Thumb Code    60  stm32f10x_spi.o(i.SPI_Init)
    SPIx_ReadWriteByte                       0x080031f9   Thumb Code    80  spi.o(i.SPIx_ReadWriteByte)
    SPIx_SetSpeed                            0x08003249   Thumb Code    32  spi.o(i.SPIx_SetSpeed)
    SVC_Handler                              0x08003269   Thumb Code     2  stm32f10x_it.o(i.SVC_Handler)
    Send_Byte                                0x0800326d   Thumb Code    78  oled.o(i.Send_Byte)
    SetBTABLE                                0x080032c1   Thumb Code    12  usb_regs.o(i.SetBTABLE)
    SetDeviceAddress                         0x080032d1   Thumb Code    68  usb_core.o(i.SetDeviceAddress)
    SetEPRxAddr                              0x08003321   Thumb Code    26  usb_regs.o(i.SetEPRxAddr)
    SetEPRxCount                             0x08003345   Thumb Code    68  usb_regs.o(i.SetEPRxCount)
    SetEPRxStatus                            0x08003391   Thumb Code    60  usb_regs.o(i.SetEPRxStatus)
    SetEPRxValid                             0x080033d1   Thumb Code    48  usb_regs.o(i.SetEPRxValid)
    SetEPTxAddr                              0x08003405   Thumb Code    24  usb_regs.o(i.SetEPTxAddr)
    SetEPTxCount                             0x08003425   Thumb Code    20  usb_regs.o(i.SetEPTxCount)
    SetEPTxStatus                            0x08003441   Thumb Code    60  usb_regs.o(i.SetEPTxStatus)
    SetEPType                                0x08003481   Thumb Code    32  usb_regs.o(i.SetEPType)
    Set_CSW                                  0x0800358d   Thumb Code    46  usb_bot.o(i.Set_CSW)
    Set_Scsi_Sense_Data                      0x080035c9   Thumb Code     8  usb_scsi.o(i.Set_Scsi_Sense_Data)
    Setup0_Process                           0x080035d5   Thumb Code   170  usb_core.o(i.Setup0_Process)
    Standard_ClearFeature                    0x0800368d   Thumb Code   342  usb_core.o(i.Standard_ClearFeature)
    Standard_GetConfiguration                0x080037f9   Thumb Code    34  usb_core.o(i.Standard_GetConfiguration)
    Standard_GetDescriptorData               0x08003825   Thumb Code    32  usb_core.o(i.Standard_GetDescriptorData)
    Standard_GetInterface                    0x08003849   Thumb Code    34  usb_core.o(i.Standard_GetInterface)
    Standard_GetStatus                       0x08003875   Thumb Code   238  usb_core.o(i.Standard_GetStatus)
    Standard_SetConfiguration                0x08003975   Thumb Code    60  usb_core.o(i.Standard_SetConfiguration)
    Standard_SetDeviceFeature                0x080039bd   Thumb Code    30  usb_core.o(i.Standard_SetDeviceFeature)
    Standard_SetEndPointFeature              0x080039e5   Thumb Code   192  usb_core.o(i.Standard_SetEndPointFeature)
    Standard_SetInterface                    0x08003ab5   Thumb Code    96  usb_core.o(i.Standard_SetInterface)
    Suspend                                  0x08003b21   Thumb Code   142  usb_pwr.o(i.Suspend)
    SysTick_CLKSourceConfig                  0x08003bbd   Thumb Code    40  misc.o(i.SysTick_CLKSourceConfig)
    SysTick_Handler                          0x08003be5   Thumb Code     2  stm32f10x_it.o(i.SysTick_Handler)
    Sys_Init                                 0x08003be7   Thumb Code    42  sys_api.o(i.Sys_Init)
    SystemInit                               0x08003c11   Thumb Code    78  system_stm32f10x.o(i.SystemInit)
    Transfer_Data_Request                    0x08003c71   Thumb Code    46  usb_bot.o(i.Transfer_Data_Request)
    USART1_IRQHandler                        0x08003ca9   Thumb Code   122  usart.o(i.USART1_IRQHandler)
    USART_Cmd                                0x08003d31   Thumb Code    24  stm32f10x_usart.o(i.USART_Cmd)
    USART_GetITStatus                        0x08003d49   Thumb Code    84  stm32f10x_usart.o(i.USART_GetITStatus)
    USART_ITConfig                           0x08003d9d   Thumb Code    74  stm32f10x_usart.o(i.USART_ITConfig)
    USART_Init                               0x08003de9   Thumb Code   210  stm32f10x_usart.o(i.USART_Init)
    USART_ReceiveData                        0x08003ec1   Thumb Code    10  stm32f10x_usart.o(i.USART_ReceiveData)
    USBWakeUp_IRQHandler                     0x08003ecb   Thumb Code    12  hw_config.o(i.USBWakeUp_IRQHandler)
    USB_Cable_Config                         0x08003ed9   Thumb Code    22  hw_config.o(i.USB_Cable_Config)
    USB_Istr                                 0x08003f21   Thumb Code   222  usb_istr.o(i.USB_Istr)
    USB_LP_CAN1_RX0_IRQHandler               0x08004019   Thumb Code     8  hw_config.o(i.USB_LP_CAN1_RX0_IRQHandler)
    USB_NotConfigured_LED                    0x08004021   Thumb Code    10  hw_config.o(i.USB_NotConfigured_LED)
    USB_SIL_Init                             0x08004041   Thumb Code    28  usb_sil.o(i.USB_SIL_Init)
    USB_SIL_Read                             0x08004065   Thumb Code    46  usb_sil.o(i.USB_SIL_Read)
    USB_SIL_Write                            0x08004093   Thumb Code    46  usb_sil.o(i.USB_SIL_Write)
    UsageFault_Handler                       0x080040c1   Thumb Code     4  stm32f10x_it.o(i.UsageFault_Handler)
    UserToPMABufferCopy                      0x080040c5   Thumb Code    52  usb_mem.o(i.UserToPMABufferCopy)
    Write_Memory                             0x080040fd   Thumb Code   344  memory.o(i.Write_Memory)
    _is_digit                                0x08004285   Thumb Code    14  __printf_wp.o(i._is_digit)
    _sys_exit                                0x08004293   Thumb Code     6  usart.o(i._sys_exit)
    clust2sect                               0x0800436f   Thumb Code    26  ff.o(i.clust2sect)
    delay_init                               0x08004761   Thumb Code    50  delay.o(i.delay_init)
    delay_ms                                 0x080047a5   Thumb Code    72  delay.o(i.delay_ms)
    disk_initialize                          0x08004cc9   Thumb Code    86  diskio.o(i.disk_initialize)
    disk_ioctl                               0x08004d29   Thumb Code   154  diskio.o(i.disk_ioctl)
    disk_read                                0x08004dcd   Thumb Code   116  diskio.o(i.disk_read)
    disk_status                              0x08004e41   Thumb Code     6  diskio.o(i.disk_status)
    disk_write                               0x08004e47   Thumb Code    96  diskio.o(i.disk_write)
    exfuns_init                              0x08004ea9   Thumb Code    82  exfuns.o(i.exfuns_init)
    f_close                                  0x08004f0d   Thumb Code    32  ff.o(i.f_close)
    f_mkfs                                   0x08004f2d   Thumb Code  1594  ff.o(i.f_mkfs)
    f_mount                                  0x0800556d   Thumb Code    86  ff.o(i.f_mount)
    f_open                                   0x080055c9   Thumb Code   384  ff.o(i.f_open)
    f_read                                   0x08005749   Thumb Code   432  ff.o(i.f_read)
    f_setlabel                               0x080058f9   Thumb Code   470  ff.o(i.f_setlabel)
    f_sync                                   0x08005ae1   Thumb Code   176  ff.o(i.f_sync)
    ff_convert                               0x08005b91   Thumb Code   146  myunicode.o(i.ff_convert)
    ff_memalloc                              0x08005c29   Thumb Code    12  diskio.o(i.ff_memalloc)
    ff_memfree                               0x08005c35   Thumb Code    12  diskio.o(i.ff_memfree)
    ff_wtoupper                              0x08005c41   Thumb Code    46  myunicode.o(i.ff_wtoupper)
    font_init                                0x08006111   Thumb Code    64  fontupd.o(i.font_init)
    fputc                                    0x08006155   Thumb Code    24  usart.o(i.fputc)
    get_fat                                  0x08006239   Thumb Code   232  ff.o(i.get_fat)
    get_fattime                              0x08006321   Thumb Code     4  diskio.o(i.get_fattime)
    main                                     0x0800638f   Thumb Code    16  main.o(i.main)
    mem_free                                 0x080063e1   Thumb Code    66  malloc.o(i.mem_free)
    mem_init                                 0x08006429   Thumb Code    38  malloc.o(i.mem_init)
    mem_malloc                               0x08006455   Thumb Code   116  malloc.o(i.mem_malloc)
    mem_perused                              0x080064cd   Thumb Code    42  malloc.o(i.mem_perused)
    myfree                                   0x08006545   Thumb Code    24  malloc.o(i.myfree)
    mymalloc                                 0x08006561   Thumb Code    28  malloc.o(i.mymalloc)
    mymemset                                 0x08006581   Thumb Code    20  malloc.o(i.mymemset)
    put_fat                                  0x08006609   Thumb Code   310  ff.o(i.put_fat)
    test01                                   0x080068f1   Thumb Code    74  fontupd.o(i.test01)
    uart_init                                0x080069b1   Thumb Code   152  usart.o(i.uart_init)
    updata_fontx                             0x08006a51   Thumb Code   268  fontupd.o(i.updata_fontx)
    update_font                              0x08006b65   Thumb Code   120  fontupd.o(i.update_font)
    GBK2312_PATH                             0x0800701c   Data           4  fontupd.o(.constdata)
    ASCII_PATH                               0x08007020   Data           4  fontupd.o(.constdata)
    UNIGBK_PATH                              0x08007024   Data           4  fontupd.o(.constdata)
    MASS_DeviceDescriptor                    0x08007028   Data          18  usb_desc.o(.constdata)
    MASS_ConfigDescriptor                    0x0800703a   Data          32  usb_desc.o(.constdata)
    MASS_StringLangID                        0x0800705a   Data           4  usb_desc.o(.constdata)
    MASS_StringVendor                        0x0800705e   Data          38  usb_desc.o(.constdata)
    MASS_StringProduct                       0x08007084   Data          38  usb_desc.o(.constdata)
    MASS_StringInterface                     0x080070aa   Data          16  usb_desc.o(.constdata)
    Region$$Table$$Base                      0x08007194   Number         0  anon$$obj.o(Region$$Table)
    Region$$Table$$Limit                     0x080071b4   Number         0  anon$$obj.o(Region$$Table)
    SD_Type                                  0x20000000   Data           1  mmc_sd.o(.data)
    SPI_FLASH_TYPE                           0x20000002   Data           2  flash.o(.data)
    mallco_dev                               0x20000004   Data          20  malloc.o(.data)
    FLASH_SECTOR_COUNT                       0x20000018   Data           2  diskio.o(.data)
    FILE_TYPE_TBL                            0x20000028   Data         312  exfuns.o(.data)
    fs                                       0x20000160   Data           8  exfuns.o(.data)
    file                                     0x20000168   Data           4  exfuns.o(.data)
    ftemp                                    0x2000016c   Data           4  exfuns.o(.data)
    br                                       0x20000170   Data           4  exfuns.o(.data)
    bw                                       0x20000174   Data           4  exfuns.o(.data)
    fatbuf                                   0x20000178   Data           4  exfuns.o(.data)
    StatusInfo                               0x2000017c   Data           2  usb_core.o(.data)
    Data_Mul_MaxPacketSize                   0x2000017e   Data           1  usb_core.o(.data)
    EPindex                                  0x20000180   Data           1  usb_init.o(.data)
    pInformation                             0x20000184   Data           4  usb_init.o(.data)
    pProperty                                0x20000188   Data           4  usb_init.o(.data)
    SaveState                                0x2000018c   Data           2  usb_init.o(.data)
    wInterrupt_Mask                          0x2000018e   Data           2  usb_init.o(.data)
    pUser_Standard_Requests                  0x20000190   Data           4  usb_init.o(.data)
    SaveRState                               0x20000194   Data           2  usb_int.o(.data)
    SaveTState                               0x20000196   Data           2  usb_int.o(.data)
    Mass_Memory_Size                         0x20000198   Data           8  mass_mal.o(.data)
    Mass_Block_Size                          0x200001a0   Data           4  mass_mal.o(.data)
    Mass_Block_Count                         0x200001a4   Data           4  mass_mal.o(.data)
    Block_Read_count                         0x200001a8   Data           4  memory.o(.data)
    Block_offset                             0x200001ac   Data           4  memory.o(.data)
    Counter                                  0x200001b0   Data           4  memory.o(.data)
    Idx                                      0x200001b4   Data           4  memory.o(.data)
    TransferState                            0x200001b8   Data           1  memory.o(.data)
    Data_Buffer                              0x200001bc   Data           4  memory.o(.data)
    USB_STATUS_REG                           0x200001c0   Data           1  memory.o(.data)
    Page00_Inquiry_Data                      0x200001e8   Data           5  scsi_data.o(.data)
    Standard_Inquiry_Data                    0x200001ed   Data          27  scsi_data.o(.data)
    Standard_Inquiry_Data2                   0x20000208   Data          28  scsi_data.o(.data)
    Mode_Sense6_data                         0x20000224   Data           4  scsi_data.o(.data)
    Mode_Sense10_data                        0x20000228   Data           8  scsi_data.o(.data)
    Scsi_Sense_Data                          0x20000230   Data          18  scsi_data.o(.data)
    ReadCapacity10_Data                      0x20000242   Data           8  scsi_data.o(.data)
    ReadFormatCapacity_Data                  0x2000024a   Data          12  scsi_data.o(.data)
    Bot_State                                0x20000258   Data           1  usb_bot.o(.data)
    Bulk_Data_Buff                           0x2000025c   Data           4  usb_bot.o(.data)
    Data_Len                                 0x20000260   Data           2  usb_bot.o(.data)
    SCSI_LBA                                 0x20000264   Data           4  usb_bot.o(.data)
    SCSI_BlkLen                              0x20000268   Data           4  usb_bot.o(.data)
    MASS_StringSerial                        0x2000026c   Data          26  usb_desc.o(.data)
    wIstr                                    0x20000288   Data           2  usb_istr.o(.data)
    bIntPackSOF                              0x2000028a   Data           1  usb_istr.o(.data)
    pEpInt_IN                                0x2000028c   Data          28  usb_istr.o(.data)
    pEpInt_OUT                               0x200002a8   Data          28  usb_istr.o(.data)
    Max_Lun                                  0x200002c4   Data           1  usb_prop.o(.data)
    Device_Table                             0x200002c5   Data           2  usb_prop.o(.data)
    Device_Property                          0x200002c8   Data          48  usb_prop.o(.data)
    User_Standard_Requests                   0x200002f8   Data          36  usb_prop.o(.data)
    Device_Descriptor                        0x2000031c   Data           8  usb_prop.o(.data)
    Config_Descriptor                        0x20000324   Data           8  usb_prop.o(.data)
    String_Descriptor                        0x2000032c   Data          40  usb_prop.o(.data)
    bDeviceState                             0x20000354   Data           4  usb_pwr.o(.data)
    fSuspendEnabled                          0x20000358   Data           1  usb_pwr.o(.data)
    ResumeS                                  0x20000359   Data           2  usb_pwr.o(.data)
    remotewakeupon                           0x2000035c   Data           4  usb_pwr.o(.data)
    __stdout                                 0x20000364   Data           4  usart.o(.data)
    USART_RX_STA                             0x20000368   Data           2  usart.o(.data)
    SystemCoreClock                          0x20000380   Data           4  system_stm32f10x.o(.data)
    AHBPrescTable                            0x20000384   Data          16  system_stm32f10x.o(.data)
    OLED_GRAM                                0x20000394   Data        1024  oled.o(.bss)
    SPI_FLASH_BUFFER                         0x20000794   Data        4096  flash.o(.bss)
    membase                                  0x20001794   Data       10240  malloc.o(.bss)
    memmapbase                               0x20003f94   Data         640  malloc.o(.bss)
    ftinfo                                   0x20004214   Data          25  fontupd.o(.bss)
    Device_Info                              0x20004230   Data          28  usb_init.o(.bss)
    CBW                                      0x2000424c   Data          32  usb_bot.o(.bss)
    CSW                                      0x2000426c   Data          16  usb_bot.o(.bss)
    EP                                       0x2000427c   Data          32  usb_pwr.o(.bss)
    USART_RX_BUF                             0x2000429c   Data         200  usart.o(.bss)
    __libspace_start                         0x20004364   Data          96  libspace.o(.bss)
    __temporary_stack_top$libspace           0x200043c4   Data           0  libspace.o(.bss)



==============================================================================

Memory Map of the image

  Image Entry point : 0x080000ed

  Load Region LR_IROM1 (Base: 0x08000000, Size: 0x00007548, Max: 0x00020000, ABSOLUTE, COMPRESSED[0x000072d4])

    Execution Region ER_IROM1 (Exec base: 0x08000000, Load base: 0x08000000, Size: 0x000071b4, Max: 0x00020000, ABSOLUTE)

    Exec Addr    Load Addr    Size         Type   Attr      Idx    E Section Name        Object

    0x08000000   0x08000000   0x000000ec   Data   RO         4770    RESET               startup_stm32f10x_md.o
    0x080000ec   0x080000ec   0x00000008   Code   RO         4855  * !!!main             c_w.l(__main.o)
    0x080000f4   0x080000f4   0x00000034   Code   RO         5064    !!!scatter          c_w.l(__scatter.o)
    0x08000128   0x08000128   0x0000005a   Code   RO         5062    !!dczerorl2         c_w.l(__dczerorl2.o)
    0x08000182   0x08000182   0x00000002   PAD
    0x08000184   0x08000184   0x0000001c   Code   RO         5066    !!handler_zi        c_w.l(__scatter_zi.o)
    0x080001a0   0x080001a0   0x00000000   Code   RO         4844    .ARM.Collect$$_printf_percent$$00000000  c_w.l(_printf_percent.o)
    0x080001a0   0x080001a0   0x00000006   Code   RO         4843    .ARM.Collect$$_printf_percent$$00000009  c_w.l(_printf_d.o)
    0x080001a6   0x080001a6   0x00000006   Code   RO         4842    .ARM.Collect$$_printf_percent$$0000000C  c_w.l(_printf_x.o)
    0x080001ac   0x080001ac   0x00000004   Code   RO         4892    .ARM.Collect$$_printf_percent$$00000017  c_w.l(_printf_percent_end.o)
    0x080001b0   0x080001b0   0x00000002   Code   RO         4936    .ARM.Collect$$libinit$$00000000  c_w.l(libinit.o)
    0x080001b2   0x080001b2   0x00000000   Code   RO         4949    .ARM.Collect$$libinit$$00000002  c_w.l(libinit2.o)
    0x080001b2   0x080001b2   0x00000000   Code   RO         4951    .ARM.Collect$$libinit$$00000004  c_w.l(libinit2.o)
    0x080001b2   0x080001b2   0x00000000   Code   RO         4954    .ARM.Collect$$libinit$$0000000A  c_w.l(libinit2.o)
    0x080001b2   0x080001b2   0x00000000   Code   RO         4956    .ARM.Collect$$libinit$$0000000C  c_w.l(libinit2.o)
    0x080001b2   0x080001b2   0x00000000   Code   RO         4958    .ARM.Collect$$libinit$$0000000E  c_w.l(libinit2.o)
    0x080001b2   0x080001b2   0x00000000   Code   RO         4961    .ARM.Collect$$libinit$$00000011  c_w.l(libinit2.o)
    0x080001b2   0x080001b2   0x00000000   Code   RO         4963    .ARM.Collect$$libinit$$00000013  c_w.l(libinit2.o)
    0x080001b2   0x080001b2   0x00000000   Code   RO         4965    .ARM.Collect$$libinit$$00000015  c_w.l(libinit2.o)
    0x080001b2   0x080001b2   0x00000000   Code   RO         4967    .ARM.Collect$$libinit$$00000017  c_w.l(libinit2.o)
    0x080001b2   0x080001b2   0x00000000   Code   RO         4969    .ARM.Collect$$libinit$$00000019  c_w.l(libinit2.o)
    0x080001b2   0x080001b2   0x00000000   Code   RO         4971    .ARM.Collect$$libinit$$0000001B  c_w.l(libinit2.o)
    0x080001b2   0x080001b2   0x00000000   Code   RO         4973    .ARM.Collect$$libinit$$0000001D  c_w.l(libinit2.o)
    0x080001b2   0x080001b2   0x00000000   Code   RO         4975    .ARM.Collect$$libinit$$0000001F  c_w.l(libinit2.o)
    0x080001b2   0x080001b2   0x00000000   Code   RO         4977    .ARM.Collect$$libinit$$00000021  c_w.l(libinit2.o)
    0x080001b2   0x080001b2   0x00000000   Code   RO         4979    .ARM.Collect$$libinit$$00000023  c_w.l(libinit2.o)
    0x080001b2   0x080001b2   0x00000000   Code   RO         4981    .ARM.Collect$$libinit$$00000025  c_w.l(libinit2.o)
    0x080001b2   0x080001b2   0x00000000   Code   RO         4985    .ARM.Collect$$libinit$$0000002C  c_w.l(libinit2.o)
    0x080001b2   0x080001b2   0x00000000   Code   RO         4987    .ARM.Collect$$libinit$$0000002E  c_w.l(libinit2.o)
    0x080001b2   0x080001b2   0x00000000   Code   RO         4989    .ARM.Collect$$libinit$$00000030  c_w.l(libinit2.o)
    0x080001b2   0x080001b2   0x00000000   Code   RO         4991    .ARM.Collect$$libinit$$00000032  c_w.l(libinit2.o)
    0x080001b2   0x080001b2   0x00000002   Code   RO         4992    .ARM.Collect$$libinit$$00000033  c_w.l(libinit2.o)
    0x080001b4   0x080001b4   0x00000002   Code   RO         5018    .ARM.Collect$$libshutdown$$00000000  c_w.l(libshutdown.o)
    0x080001b6   0x080001b6   0x00000000   Code   RO         5045    .ARM.Collect$$libshutdown$$00000002  c_w.l(libshutdown2.o)
    0x080001b6   0x080001b6   0x00000000   Code   RO         5047    .ARM.Collect$$libshutdown$$00000004  c_w.l(libshutdown2.o)
    0x080001b6   0x080001b6   0x00000000   Code   RO         5050    .ARM.Collect$$libshutdown$$00000007  c_w.l(libshutdown2.o)
    0x080001b6   0x080001b6   0x00000000   Code   RO         5053    .ARM.Collect$$libshutdown$$0000000A  c_w.l(libshutdown2.o)
    0x080001b6   0x080001b6   0x00000000   Code   RO         5055    .ARM.Collect$$libshutdown$$0000000C  c_w.l(libshutdown2.o)
    0x080001b6   0x080001b6   0x00000000   Code   RO         5058    .ARM.Collect$$libshutdown$$0000000F  c_w.l(libshutdown2.o)
    0x080001b6   0x080001b6   0x00000002   Code   RO         5059    .ARM.Collect$$libshutdown$$00000010  c_w.l(libshutdown2.o)
    0x080001b8   0x080001b8   0x00000000   Code   RO         4877    .ARM.Collect$$rtentry$$00000000  c_w.l(__rtentry.o)
    0x080001b8   0x080001b8   0x00000000   Code   RO         4901    .ARM.Collect$$rtentry$$00000002  c_w.l(__rtentry2.o)
    0x080001b8   0x080001b8   0x00000006   Code   RO         4913    .ARM.Collect$$rtentry$$00000004  c_w.l(__rtentry4.o)
    0x080001be   0x080001be   0x00000000   Code   RO         4903    .ARM.Collect$$rtentry$$00000009  c_w.l(__rtentry2.o)
    0x080001be   0x080001be   0x00000004   Code   RO         4904    .ARM.Collect$$rtentry$$0000000A  c_w.l(__rtentry2.o)
    0x080001c2   0x080001c2   0x00000000   Code   RO         4906    .ARM.Collect$$rtentry$$0000000C  c_w.l(__rtentry2.o)
    0x080001c2   0x080001c2   0x00000008   Code   RO         4907    .ARM.Collect$$rtentry$$0000000D  c_w.l(__rtentry2.o)
    0x080001ca   0x080001ca   0x00000002   Code   RO         4940    .ARM.Collect$$rtexit$$00000000  c_w.l(rtexit.o)
    0x080001cc   0x080001cc   0x00000000   Code   RO         4994    .ARM.Collect$$rtexit$$00000002  c_w.l(rtexit2.o)
    0x080001cc   0x080001cc   0x00000004   Code   RO         4995    .ARM.Collect$$rtexit$$00000003  c_w.l(rtexit2.o)
    0x080001d0   0x080001d0   0x00000006   Code   RO         4996    .ARM.Collect$$rtexit$$00000004  c_w.l(rtexit2.o)
    0x080001d6   0x080001d6   0x00000002   PAD
    0x080001d8   0x080001d8   0x00000040   Code   RO         4771    .text               startup_stm32f10x_md.o
    0x08000218   0x08000218   0x00000002   Code   RO         4777    .text               c_w.l(use_no_semi_2.o)
    0x0800021a   0x0800021a   0x000000ee   Code   RO         4779    .text               c_w.l(lludivv7m.o)
    0x08000308   0x08000308   0x00000018   Code   RO         4787    .text               c_w.l(noretval__2printf.o)
    0x08000320   0x08000320   0x00000078   Code   RO         4797    .text               c_w.l(_printf_dec.o)
    0x08000398   0x08000398   0x00000058   Code   RO         4802    .text               c_w.l(_printf_hex_int.o)
    0x080003f0   0x080003f0   0x00000138   Code   RO         4832    .text               c_w.l(__printf_flags_wp.o)
    0x08000528   0x08000528   0x00000006   Code   RO         4853    .text               c_w.l(heapauxi.o)
    0x0800052e   0x0800052e   0x00000002   Code   RO         4875    .text               c_w.l(use_no_semi.o)
    0x08000530   0x08000530   0x000000b2   Code   RO         4882    .text               c_w.l(_printf_intcommon.o)
    0x080005e2   0x080005e2   0x00000002   PAD
    0x080005e4   0x080005e4   0x00000030   Code   RO         4884    .text               c_w.l(_printf_char_common.o)
    0x08000614   0x08000614   0x00000024   Code   RO         4890    .text               c_w.l(_printf_char_file.o)
    0x08000638   0x08000638   0x00000008   Code   RO         4919    .text               c_w.l(ferror.o)
    0x08000640   0x08000640   0x0000004a   Code   RO         4923    .text               c_w.l(sys_stackheap_outer.o)
    0x0800068a   0x0800068a   0x00000012   Code   RO         4925    .text               c_w.l(exit.o)
    0x0800069c   0x0800069c   0x00000008   Code   RO         4937    .text               c_w.l(libspace.o)
    0x080006a4   0x080006a4   0x00000040   Code   RO         2431    i.Bot_Abort         usb_bot.o
    0x080006e4   0x080006e4   0x00000004   Code   RO          231    i.BusFault_Handler  stm32f10x_it.o
    0x080006e8   0x080006e8   0x0000000c   Code   RO         1870    i.ByteSwap          usb_regs.o
    0x080006f4   0x080006f4   0x000002c8   Code   RO         2432    i.CBW_Decode        usb_bot.o
    0x080009bc   0x080009bc   0x00000288   Code   RO         1823    i.CTR_LP            usb_int.o
    0x08000c44   0x08000c44   0x00000034   Code   RO         1871    i.ClearDTOG_RX      usb_regs.o
    0x08000c78   0x08000c78   0x00000034   Code   RO         1872    i.ClearDTOG_TX      usb_regs.o
    0x08000cac   0x08000cac   0x00000028   Code   RO         1877    i.Clear_Status_Out  usb_regs.o
    0x08000cd4   0x08000cd4   0x000000c0   Code   RO         1677    i.DataStageIn       usb_core.o
    0x08000d94   0x08000d94   0x000000bc   Code   RO         1678    i.DataStageOut      usb_core.o
    0x08000e50   0x08000e50   0x00000298   Code   RO         1679    i.Data_Setup0       usb_core.o
    0x080010e8   0x080010e8   0x00000002   Code   RO          232    i.DebugMon_Handler  stm32f10x_it.o
    0x080010ea   0x080010ea   0x00000008   Code   RO         2495    i.EP1_IN_Callback   usb_endp.o
    0x080010f2   0x080010f2   0x00000008   Code   RO         2496    i.EP2_OUT_Callback  usb_endp.o
    0x080010fa   0x080010fa   0x00000002   PAD
    0x080010fc   0x080010fc   0x0000000c   Code   RO         3161    i.EXTI_ClearITPendingBit  stm32f10x_exti.o
    0x08001108   0x08001108   0x00000030   Code   RO         2254    i.Enter_LowPowerMode  hw_config.o
    0x08001138   0x08001138   0x00000124   Code   RO          294    i.FileSys_Init      file_api.o
    0x0800125c   0x0800125c   0x00000074   Code   RO          331    i.Font_Init         sys_api.o
    0x080012d0   0x080012d0   0x00000116   Code   RO         3394    i.GPIO_Init         stm32f10x_gpio.o
    0x080013e6   0x080013e6   0x00000004   Code   RO         3401    i.GPIO_ResetBits    stm32f10x_gpio.o
    0x080013ea   0x080013ea   0x00000004   Code   RO         3402    i.GPIO_SetBits      stm32f10x_gpio.o
    0x080013ee   0x080013ee   0x00000002   PAD
    0x080013f0   0x080013f0   0x00000020   Code   RO         1889    i.GetEPRxAddr       usb_regs.o
    0x08001410   0x08001410   0x00000024   Code   RO         1890    i.GetEPRxCount      usb_regs.o
    0x08001434   0x08001434   0x00000018   Code   RO         1891    i.GetEPRxStatus     usb_regs.o
    0x0800144c   0x0800144c   0x00000020   Code   RO         1892    i.GetEPTxAddr       usb_regs.o
    0x0800146c   0x0800146c   0x0000001c   Code   RO         2531    i.Get_Max_Lun       usb_prop.o
    0x08001488   0x08001488   0x00000034   Code   RO         2255    i.Get_SerialNum     hw_config.o
    0x080014bc   0x080014bc   0x00000004   Code   RO          233    i.HardFault_Handler  stm32f10x_it.o
    0x080014c0   0x080014c0   0x0000003c   Code   RO          491    i.I2C_Start         oled.o
    0x080014fc   0x080014fc   0x0000002c   Code   RO          492    i.I2C_Stop          oled.o
    0x08001528   0x08001528   0x00000034   Code   RO          493    i.I2C_WaitAck       oled.o
    0x0800155c   0x0800155c   0x00000010   Code   RO          494    i.IIC_delay         oled.o
    0x0800156c   0x0800156c   0x00000070   Code   RO         1680    i.In0_Process       usb_core.o
    0x080015dc   0x080015dc   0x0000003e   Code   RO         2256    i.IntToUnicode      hw_config.o
    0x0800161a   0x0800161a   0x00000002   PAD
    0x0800161c   0x0800161c   0x00000058   Code   RO          418    i.KEY_Init          key.o
    0x08001674   0x08001674   0x0000004c   Code   RO          437    i.LED_Init          led.o
    0x080016c0   0x080016c0   0x00000040   Code   RO         2257    i.Leave_LowPowerMode  hw_config.o
    0x08001700   0x08001700   0x0000000c   Code   RO         2258    i.Led_RW_OFF        hw_config.o
    0x0800170c   0x0800170c   0x0000000c   Code   RO         2259    i.Led_RW_ON         hw_config.o
    0x08001718   0x08001718   0x00000016   Code   RO         2353    i.MAL_GetStatus     mass_mal.o
    0x0800172e   0x0800172e   0x0000004a   Code   RO         2355    i.MAL_Read          mass_mal.o
    0x08001778   0x08001778   0x0000004a   Code   RO         2356    i.MAL_Write         mass_mal.o
    0x080017c2   0x080017c2   0x00000002   PAD
    0x080017c4   0x080017c4   0x00000060   Code   RO         2532    i.MASS_Data_Setup   usb_prop.o
    0x08001824   0x08001824   0x00000014   Code   RO         2533    i.MASS_GetConfigDescriptor  usb_prop.o
    0x08001838   0x08001838   0x00000014   Code   RO         2534    i.MASS_GetDeviceDescriptor  usb_prop.o
    0x0800184c   0x0800184c   0x00000028   Code   RO         2535    i.MASS_GetStringDescriptor  usb_prop.o
    0x08001874   0x08001874   0x00000016   Code   RO         2536    i.MASS_Get_Interface_Setting  usb_prop.o
    0x0800188a   0x0800188a   0x00000002   PAD
    0x0800188c   0x0800188c   0x0000005c   Code   RO         2537    i.MASS_NoData_Setup  usb_prop.o
    0x080018e8   0x080018e8   0x000000f0   Code   RO         2538    i.MASS_Reset        usb_prop.o
    0x080019d8   0x080019d8   0x00000002   Code   RO         2539    i.MASS_Status_In    usb_prop.o
    0x080019da   0x080019da   0x00000002   Code   RO         2540    i.MASS_Status_Out   usb_prop.o
    0x080019dc   0x080019dc   0x00000028   Code   RO         2541    i.MASS_init         usb_prop.o
    0x08001a04   0x08001a04   0x0000001c   Code   RO         2542    i.Mass_Storage_ClearFeature  usb_prop.o
    0x08001a20   0x08001a20   0x000000a8   Code   RO         2433    i.Mass_Storage_In   usb_bot.o
    0x08001ac8   0x08001ac8   0x000000ac   Code   RO         2434    i.Mass_Storage_Out  usb_bot.o
    0x08001b74   0x08001b74   0x00000030   Code   RO         2543    i.Mass_Storage_SetConfiguration  usb_prop.o
    0x08001ba4   0x08001ba4   0x0000000c   Code   RO         2544    i.Mass_Storage_SetDeviceAddress  usb_prop.o
    0x08001bb0   0x08001bb0   0x00000004   Code   RO          234    i.MemManage_Handler  stm32f10x_it.o
    0x08001bb4   0x08001bb4   0x00000002   Code   RO          235    i.NMI_Handler       stm32f10x_it.o
    0x08001bb6   0x08001bb6   0x00000002   Code   RO         1681    i.NOP_Process       usb_core.o
    0x08001bb8   0x08001bb8   0x00000070   Code   RO         2878    i.NVIC_Init         misc.o
    0x08001c28   0x08001c28   0x00000014   Code   RO         2879    i.NVIC_PriorityGroupConfig  misc.o
    0x08001c3c   0x08001c3c   0x00000138   Code   RO         1682    i.NoData_Setup0     usb_core.o
    0x08001d74   0x08001d74   0x00000030   Code   RO          495    i.OLED_Clear        oled.o
    0x08001da4   0x08001da4   0x0000010c   Code   RO          503    i.OLED_Init         oled.o
    0x08001eb0   0x08001eb0   0x00000068   Code   RO          505    i.OLED_Refresh      oled.o
    0x08001f18   0x08001f18   0x00000038   Code   RO          512    i.OLED_WR_Byte      oled.o
    0x08001f50   0x08001f50   0x00000050   Code   RO         1683    i.Out0_Process      usb_core.o
    0x08001fa0   0x08001fa0   0x00000028   Code   RO         1852    i.PMAToUserBufferCopy  usb_mem.o
    0x08001fc8   0x08001fc8   0x00000002   Code   RO          236    i.PendSV_Handler    stm32f10x_it.o
    0x08001fca   0x08001fca   0x00000002   PAD
    0x08001fcc   0x08001fcc   0x00000048   Code   RO         1684    i.Post0_Process     usb_core.o
    0x08002014   0x08002014   0x00000040   Code   RO         2637    i.PowerOn           usb_pwr.o
    0x08002054   0x08002054   0x00000020   Code   RO         3564    i.RCC_APB1PeriphClockCmd  stm32f10x_rcc.o
    0x08002074   0x08002074   0x00000020   Code   RO         3566    i.RCC_APB2PeriphClockCmd  stm32f10x_rcc.o
    0x08002094   0x08002094   0x000000d4   Code   RO         3574    i.RCC_GetClocksFreq  stm32f10x_rcc.o
    0x08002168   0x08002168   0x00000158   Code   RO         2389    i.Read_Memory       memory.o
    0x080022c0   0x080022c0   0x000000d0   Code   RO         2638    i.Resume            usb_pwr.o
    0x08002390   0x08002390   0x00000024   Code   RO         2639    i.Resume_Init       usb_pwr.o
    0x080023b4   0x080023b4   0x0000008c   Code   RO         2679    i.SCSI_Address_Management  usb_scsi.o
    0x08002440   0x08002440   0x00000030   Code   RO         2680    i.SCSI_Format_Cmd   usb_scsi.o
    0x08002470   0x08002470   0x00000048   Code   RO         2681    i.SCSI_Inquiry_Cmd  usb_scsi.o
    0x080024b8   0x080024b8   0x00000044   Code   RO         2682    i.SCSI_Invalid_Cmd  usb_scsi.o
    0x080024fc   0x080024fc   0x00000014   Code   RO         2683    i.SCSI_ModeSense10_Cmd  usb_scsi.o
    0x08002510   0x08002510   0x00000014   Code   RO         2684    i.SCSI_ModeSense6_Cmd  usb_scsi.o
    0x08002524   0x08002524   0x00000078   Code   RO         2685    i.SCSI_Read10_Cmd   usb_scsi.o
    0x0800259c   0x0800259c   0x0000009c   Code   RO         2686    i.SCSI_ReadCapacity10_Cmd  usb_scsi.o
    0x08002638   0x08002638   0x00000088   Code   RO         2687    i.SCSI_ReadFormatCapacity_Cmd  usb_scsi.o
    0x080026c0   0x080026c0   0x00000028   Code   RO         2688    i.SCSI_RequestSense_Cmd  usb_scsi.o
    0x080026e8   0x080026e8   0x0000000e   Code   RO         2689    i.SCSI_Start_Stop_Unit_Cmd  usb_scsi.o
    0x080026f6   0x080026f6   0x00000002   PAD
    0x080026f8   0x080026f8   0x00000038   Code   RO         2690    i.SCSI_TestUnitReady_Cmd  usb_scsi.o
    0x08002730   0x08002730   0x00000040   Code   RO         2692    i.SCSI_Verify10_Cmd  usb_scsi.o
    0x08002770   0x08002770   0x00000078   Code   RO         2693    i.SCSI_Write10_Cmd  usb_scsi.o
    0x080027e8   0x080027e8   0x00000014   Code   RO          675    i.SD_DisSelect      mmc_sd.o
    0x080027fc   0x080027fc   0x0000002a   Code   RO          677    i.SD_GetCSD         mmc_sd.o
    0x08002826   0x08002826   0x00000026   Code   RO          678    i.SD_GetResponse    mmc_sd.o
    0x0800284c   0x0800284c   0x00000076   Code   RO          679    i.SD_GetSectorCount  mmc_sd.o
    0x080028c2   0x080028c2   0x00000002   PAD
    0x080028c4   0x080028c4   0x00000188   Code   RO          680    i.SD_Initialize     mmc_sd.o
    0x08002a4c   0x08002a4c   0x00000074   Code   RO          681    i.SD_ReadDisk       mmc_sd.o
    0x08002ac0   0x08002ac0   0x00000040   Code   RO          682    i.SD_RecvData       mmc_sd.o
    0x08002b00   0x08002b00   0x00000040   Code   RO          683    i.SD_SPI_Init       mmc_sd.o
    0x08002b40   0x08002b40   0x00000014   Code   RO          684    i.SD_SPI_ReadWriteByte  mmc_sd.o
    0x08002b54   0x08002b54   0x00000010   Code   RO          685    i.SD_SPI_SpeedHigh  mmc_sd.o
    0x08002b64   0x08002b64   0x00000010   Code   RO          686    i.SD_SPI_SpeedLow   mmc_sd.o
    0x08002b74   0x08002b74   0x00000020   Code   RO          687    i.SD_Select         mmc_sd.o
    0x08002b94   0x08002b94   0x00000058   Code   RO          688    i.SD_SendBlock      mmc_sd.o
    0x08002bec   0x08002bec   0x00000078   Code   RO          689    i.SD_SendCmd        mmc_sd.o
    0x08002c64   0x08002c64   0x00000022   Code   RO          690    i.SD_WaitReady      mmc_sd.o
    0x08002c86   0x08002c86   0x00000002   PAD
    0x08002c88   0x08002c88   0x00000090   Code   RO          691    i.SD_WriteDisk      mmc_sd.o
    0x08002d18   0x08002d18   0x0000008c   Code   RO          645    i.SPI1_Init         spi.o
    0x08002da4   0x08002da4   0x00000098   Code   RO          646    i.SPI2_Init         spi.o
    0x08002e3c   0x08002e3c   0x00000018   Code   RO         3857    i.SPI_Cmd           stm32f10x_spi.o
    0x08002e54   0x08002e54   0x00000064   Code   RO          794    i.SPI_Flash_Erase_Sector  flash.o
    0x08002eb8   0x08002eb8   0x00000060   Code   RO          795    i.SPI_Flash_Init    flash.o
    0x08002f18   0x08002f18   0x0000005c   Code   RO          797    i.SPI_Flash_Read    flash.o
    0x08002f74   0x08002f74   0x00000058   Code   RO          798    i.SPI_Flash_ReadID  flash.o
    0x08002fcc   0x08002fcc   0x00000034   Code   RO          799    i.SPI_Flash_ReadSR  flash.o
    0x08003000   0x08003000   0x00000012   Code   RO          801    i.SPI_Flash_Wait_Busy  flash.o
    0x08003012   0x08003012   0x00000002   PAD
    0x08003014   0x08003014   0x000000b8   Code   RO          802    i.SPI_Flash_Write   flash.o
    0x080030cc   0x080030cc   0x00000028   Code   RO          804    i.SPI_Flash_Write_Enable  flash.o
    0x080030f4   0x080030f4   0x00000046   Code   RO          805    i.SPI_Flash_Write_NoCheck  flash.o
    0x0800313a   0x0800313a   0x00000002   PAD
    0x0800313c   0x0800313c   0x00000064   Code   RO          806    i.SPI_Flash_Write_Page  flash.o
    0x080031a0   0x080031a0   0x00000012   Code   RO         3865    i.SPI_I2S_GetFlagStatus  stm32f10x_spi.o
    0x080031b2   0x080031b2   0x00000006   Code   RO         3868    i.SPI_I2S_ReceiveData  stm32f10x_spi.o
    0x080031b8   0x080031b8   0x00000004   Code   RO         3869    i.SPI_I2S_SendData  stm32f10x_spi.o
    0x080031bc   0x080031bc   0x0000003c   Code   RO         3870    i.SPI_Init          stm32f10x_spi.o
    0x080031f8   0x080031f8   0x00000050   Code   RO          647    i.SPIx_ReadWriteByte  spi.o
    0x08003248   0x08003248   0x00000020   Code   RO          648    i.SPIx_SetSpeed     spi.o
    0x08003268   0x08003268   0x00000002   Code   RO          237    i.SVC_Handler       stm32f10x_it.o
    0x0800326a   0x0800326a   0x00000002   PAD
    0x0800326c   0x0800326c   0x00000054   Code   RO          513    i.Send_Byte         oled.o
    0x080032c0   0x080032c0   0x00000010   Code   RO         1900    i.SetBTABLE         usb_regs.o
    0x080032d0   0x080032d0   0x00000050   Code   RO         1685    i.SetDeviceAddress  usb_core.o
    0x08003320   0x08003320   0x00000024   Code   RO         1914    i.SetEPRxAddr       usb_regs.o
    0x08003344   0x08003344   0x0000004c   Code   RO         1915    i.SetEPRxCount      usb_regs.o
    0x08003390   0x08003390   0x00000040   Code   RO         1916    i.SetEPRxStatus     usb_regs.o
    0x080033d0   0x080033d0   0x00000034   Code   RO         1917    i.SetEPRxValid      usb_regs.o
    0x08003404   0x08003404   0x00000020   Code   RO         1918    i.SetEPTxAddr       usb_regs.o
    0x08003424   0x08003424   0x0000001c   Code   RO         1919    i.SetEPTxCount      usb_regs.o
    0x08003440   0x08003440   0x00000040   Code   RO         1920    i.SetEPTxStatus     usb_regs.o
    0x08003480   0x08003480   0x00000024   Code   RO         1922    i.SetEPType         usb_regs.o
    0x080034a4   0x080034a4   0x00000008   Code   RO         4734    i.SetSysClock       system_stm32f10x.o
    0x080034ac   0x080034ac   0x000000e0   Code   RO         4735    i.SetSysClockTo72   system_stm32f10x.o
    0x0800358c   0x0800358c   0x0000003c   Code   RO         2435    i.Set_CSW           usb_bot.o
    0x080035c8   0x080035c8   0x0000000c   Code   RO         2694    i.Set_Scsi_Sense_Data  usb_scsi.o
    0x080035d4   0x080035d4   0x000000b8   Code   RO         1686    i.Setup0_Process    usb_core.o
    0x0800368c   0x0800368c   0x0000016c   Code   RO         1687    i.Standard_ClearFeature  usb_core.o
    0x080037f8   0x080037f8   0x0000002c   Code   RO         1688    i.Standard_GetConfiguration  usb_core.o
    0x08003824   0x08003824   0x00000024   Code   RO         1689    i.Standard_GetDescriptorData  usb_core.o
    0x08003848   0x08003848   0x0000002c   Code   RO         1690    i.Standard_GetInterface  usb_core.o
    0x08003874   0x08003874   0x00000100   Code   RO         1691    i.Standard_GetStatus  usb_core.o
    0x08003974   0x08003974   0x00000048   Code   RO         1692    i.Standard_SetConfiguration  usb_core.o
    0x080039bc   0x080039bc   0x00000028   Code   RO         1693    i.Standard_SetDeviceFeature  usb_core.o
    0x080039e4   0x080039e4   0x000000d0   Code   RO         1694    i.Standard_SetEndPointFeature  usb_core.o
    0x08003ab4   0x08003ab4   0x0000006c   Code   RO         1695    i.Standard_SetInterface  usb_core.o
    0x08003b20   0x08003b20   0x0000009c   Code   RO         2640    i.Suspend           usb_pwr.o
    0x08003bbc   0x08003bbc   0x00000028   Code   RO         2882    i.SysTick_CLKSourceConfig  misc.o
    0x08003be4   0x08003be4   0x00000002   Code   RO          238    i.SysTick_Handler   stm32f10x_it.o
    0x08003be6   0x08003be6   0x0000002a   Code   RO          332    i.Sys_Init          sys_api.o
    0x08003c10   0x08003c10   0x00000060   Code   RO         4737    i.SystemInit        system_stm32f10x.o
    0x08003c70   0x08003c70   0x00000038   Code   RO         2436    i.Transfer_Data_Request  usb_bot.o
    0x08003ca8   0x08003ca8   0x00000088   Code   RO         2837    i.USART1_IRQHandler  usart.o
    0x08003d30   0x08003d30   0x00000018   Code   RO         4548    i.USART_Cmd         stm32f10x_usart.o
    0x08003d48   0x08003d48   0x00000054   Code   RO         4552    i.USART_GetITStatus  stm32f10x_usart.o
    0x08003d9c   0x08003d9c   0x0000004a   Code   RO         4554    i.USART_ITConfig    stm32f10x_usart.o
    0x08003de6   0x08003de6   0x00000002   PAD
    0x08003de8   0x08003de8   0x000000d8   Code   RO         4555    i.USART_Init        stm32f10x_usart.o
    0x08003ec0   0x08003ec0   0x0000000a   Code   RO         4562    i.USART_ReceiveData  stm32f10x_usart.o
    0x08003eca   0x08003eca   0x0000000c   Code   RO         2261    i.USBWakeUp_IRQHandler  hw_config.o
    0x08003ed6   0x08003ed6   0x00000002   PAD
    0x08003ed8   0x08003ed8   0x00000048   Code   RO         2262    i.USB_Cable_Config  hw_config.o
    0x08003f20   0x08003f20   0x000000f8   Code   RO         2513    i.USB_Istr          usb_istr.o
    0x08004018   0x08004018   0x00000008   Code   RO         2264    i.USB_LP_CAN1_RX0_IRQHandler  hw_config.o
    0x08004020   0x08004020   0x00000020   Code   RO         2265    i.USB_NotConfigured_LED  hw_config.o
    0x08004040   0x08004040   0x00000024   Code   RO         2230    i.USB_SIL_Init      usb_sil.o
    0x08004064   0x08004064   0x0000002e   Code   RO         2231    i.USB_SIL_Read      usb_sil.o
    0x08004092   0x08004092   0x0000002e   Code   RO         2232    i.USB_SIL_Write     usb_sil.o
    0x080040c0   0x080040c0   0x00000004   Code   RO          239    i.UsageFault_Handler  stm32f10x_it.o
    0x080040c4   0x080040c4   0x00000038   Code   RO         1853    i.UserToPMABufferCopy  usb_mem.o
    0x080040fc   0x080040fc   0x00000188   Code   RO         2390    i.Write_Memory      memory.o
    0x08004284   0x08004284   0x0000000e   Code   RO         4830    i._is_digit         c_w.l(__printf_wp.o)
    0x08004292   0x08004292   0x00000006   Code   RO         2838    i._sys_exit         usart.o
    0x08004298   0x08004298   0x00000090   Code   RO         1032    i.check_fs          ff.o
    0x08004328   0x08004328   0x00000014   Code   RO         1033    i.chk_chr           ff.o
    0x0800433c   0x0800433c   0x00000032   Code   RO         1034    i.clmt_clust        ff.o
    0x0800436e   0x0800436e   0x0000001a   Code   RO         1035    i.clust2sect        ff.o
    0x08004388   0x08004388   0x00000090   Code   RO         1036    i.cmp_lfn           ff.o
    0x08004418   0x08004418   0x000000d6   Code   RO         1037    i.create_chain      ff.o
    0x080044ee   0x080044ee   0x00000002   PAD
    0x080044f0   0x080044f0   0x00000270   Code   RO         1038    i.create_name       ff.o
    0x08004760   0x08004760   0x00000044   Code   RO         2782    i.delay_init        delay.o
    0x080047a4   0x080047a4   0x0000004c   Code   RO         2783    i.delay_ms          delay.o
    0x080047f0   0x080047f0   0x0000005c   Code   RO         1039    i.dir_alloc         ff.o
    0x0800484c   0x0800484c   0x000000de   Code   RO         1040    i.dir_find          ff.o
    0x0800492a   0x0800492a   0x00000110   Code   RO         1041    i.dir_next          ff.o
    0x08004a3a   0x08004a3a   0x000000c4   Code   RO         1042    i.dir_read          ff.o
    0x08004afe   0x08004afe   0x0000012a   Code   RO         1043    i.dir_register      ff.o
    0x08004c28   0x08004c28   0x0000009e   Code   RO         1045    i.dir_sdi           ff.o
    0x08004cc6   0x08004cc6   0x00000002   PAD
    0x08004cc8   0x08004cc8   0x00000060   Code   RO          968    i.disk_initialize   diskio.o
    0x08004d28   0x08004d28   0x000000a4   Code   RO          969    i.disk_ioctl        diskio.o
    0x08004dcc   0x08004dcc   0x00000074   Code   RO          970    i.disk_read         diskio.o
    0x08004e40   0x08004e40   0x00000006   Code   RO          971    i.disk_status       diskio.o
    0x08004e46   0x08004e46   0x00000060   Code   RO          972    i.disk_write        diskio.o
    0x08004ea6   0x08004ea6   0x00000002   PAD
    0x08004ea8   0x08004ea8   0x00000064   Code   RO         1377    i.exfuns_init       exfuns.o
    0x08004f0c   0x08004f0c   0x00000020   Code   RO         1047    i.f_close           ff.o
    0x08004f2c   0x08004f2c   0x00000640   Code   RO         1054    i.f_mkfs            ff.o
    0x0800556c   0x0800556c   0x0000005c   Code   RO         1055    i.f_mount           ff.o
    0x080055c8   0x080055c8   0x00000180   Code   RO         1056    i.f_open            ff.o
    0x08005748   0x08005748   0x000001b0   Code   RO         1061    i.f_read            ff.o
    0x080058f8   0x080058f8   0x000001e8   Code   RO         1064    i.f_setlabel        ff.o
    0x08005ae0   0x08005ae0   0x000000b0   Code   RO         1066    i.f_sync            ff.o
    0x08005b90   0x08005b90   0x00000098   Code   RO         1572    i.ff_convert        myunicode.o
    0x08005c28   0x08005c28   0x0000000c   Code   RO          973    i.ff_memalloc       diskio.o
    0x08005c34   0x08005c34   0x0000000c   Code   RO          974    i.ff_memfree        diskio.o
    0x08005c40   0x08005c40   0x00000038   Code   RO         1573    i.ff_wtoupper       myunicode.o
    0x08005c78   0x08005c78   0x00000388   Code   RO         1071    i.find_volume       ff.o
    0x08006000   0x08006000   0x00000080   Code   RO         1072    i.fit_lfn           ff.o
    0x08006080   0x08006080   0x00000090   Code   RO         1073    i.follow_path       ff.o
    0x08006110   0x08006110   0x00000044   Code   RO         1591    i.font_init         fontupd.o
    0x08006154   0x08006154   0x0000001c   Code   RO         2839    i.fputc             usart.o
    0x08006170   0x08006170   0x000000c8   Code   RO         1074    i.gen_numname       ff.o
    0x08006238   0x08006238   0x000000e8   Code   RO         1075    i.get_fat           ff.o
    0x08006320   0x08006320   0x00000004   Code   RO          975    i.get_fattime       diskio.o
    0x08006324   0x08006324   0x0000004a   Code   RO         1077    i.get_ldnumber      ff.o
    0x0800636e   0x0800636e   0x00000020   Code   RO         1078    i.ld_clust          ff.o
    0x0800638e   0x0800638e   0x00000010   Code   RO            2    i.main              main.o
    0x0800639e   0x0800639e   0x00000026   Code   RO         1079    i.mem_cmp           ff.o
    0x080063c4   0x080063c4   0x0000001a   Code   RO         1080    i.mem_cpy           ff.o
    0x080063de   0x080063de   0x00000002   PAD
    0x080063e0   0x080063e0   0x00000048   Code   RO          900    i.mem_free          malloc.o
    0x08006428   0x08006428   0x0000002c   Code   RO          901    i.mem_init          malloc.o
    0x08006454   0x08006454   0x00000078   Code   RO          902    i.mem_malloc        malloc.o
    0x080064cc   0x080064cc   0x00000030   Code   RO          903    i.mem_perused       malloc.o
    0x080064fc   0x080064fc   0x00000014   Code   RO         1081    i.mem_set           ff.o
    0x08006510   0x08006510   0x00000032   Code   RO         1082    i.move_window       ff.o
    0x08006542   0x08006542   0x00000002   PAD
    0x08006544   0x08006544   0x0000001c   Code   RO          904    i.myfree            malloc.o
    0x08006560   0x08006560   0x00000020   Code   RO          905    i.mymalloc          malloc.o
    0x08006580   0x08006580   0x00000014   Code   RO          907    i.mymemset          malloc.o
    0x08006594   0x08006594   0x00000074   Code   RO         1083    i.pick_lfn          ff.o
    0x08006608   0x08006608   0x00000136   Code   RO         1084    i.put_fat           ff.o
    0x0800673e   0x0800673e   0x0000006c   Code   RO         1086    i.remove_chain      ff.o
    0x080067aa   0x080067aa   0x00000010   Code   RO         1087    i.st_clust          ff.o
    0x080067ba   0x080067ba   0x00000020   Code   RO         1088    i.sum_sfn           ff.o
    0x080067da   0x080067da   0x000000c8   Code   RO         1089    i.sync_fs           ff.o
    0x080068a2   0x080068a2   0x0000004c   Code   RO         1090    i.sync_window       ff.o
    0x080068ee   0x080068ee   0x00000002   PAD
    0x080068f0   0x080068f0   0x000000c0   Code   RO         1593    i.test01            fontupd.o
    0x080069b0   0x080069b0   0x000000a0   Code   RO         2840    i.uart_init         usart.o
    0x08006a50   0x08006a50   0x00000114   Code   RO         1594    i.updata_fontx      fontupd.o
    0x08006b64   0x08006b64   0x00000088   Code   RO         1595    i.update_font       fontupd.o
    0x08006bec   0x08006bec   0x00000036   Code   RO         1091    i.validate          ff.o
    0x08006c22   0x08006c22   0x0000003a   Data   RO         1092    .constdata          ff.o
    0x08006c5c   0x08006c5c   0x000003c0   Data   RO         1574    .constdata          myunicode.o
    0x0800701c   0x0800701c   0x0000000c   Data   RO         1597    .constdata          fontupd.o
    0x08007028   0x08007028   0x00000092   Data   RO         2482    .constdata          usb_desc.o
    0x080070ba   0x080070ba   0x00000028   Data   RO         4803    .constdata          c_w.l(_printf_hex_int.o)
    0x080070e2   0x080070e2   0x00000011   Data   RO         4833    .constdata          c_w.l(__printf_flags_wp.o)
    0x080070f3   0x080070f3   0x00000001   PAD
    0x080070f4   0x080070f4   0x00000064   Data   RO         1380    .conststring        exfuns.o
    0x08007158   0x08007158   0x0000003c   Data   RO         1598    .conststring        fontupd.o
    0x08007194   0x08007194   0x00000020   Data   RO         5060    Region$$Table       anon$$obj.o


    Execution Region RW_IRAM1 (Exec base: 0x20000000, Load base: 0x080071b4, Size: 0x000049c8, Max: 0x00005000, ABSOLUTE, COMPRESSED[0x00000120])

    Exec Addr    Load Addr    Size         Type   Attr      Idx    E Section Name        Object

    0x20000000   COMPRESSED   0x00000001   Data   RW          692    .data               mmc_sd.o
    0x20000001   COMPRESSED   0x00000001   PAD
    0x20000002   COMPRESSED   0x00000002   Data   RW          809    .data               flash.o
    0x20000004   COMPRESSED   0x00000014   Data   RW          911    .data               malloc.o
    0x20000018   COMPRESSED   0x00000002   Data   RW          976    .data               diskio.o
    0x2000001a   COMPRESSED   0x00000002   PAD
    0x2000001c   COMPRESSED   0x0000000a   Data   RW         1093    .data               ff.o
    0x20000026   COMPRESSED   0x00000002   PAD
    0x20000028   COMPRESSED   0x00000154   Data   RW         1381    .data               exfuns.o
    0x2000017c   COMPRESSED   0x00000003   Data   RW         1696    .data               usb_core.o
    0x2000017f   COMPRESSED   0x00000001   PAD
    0x20000180   COMPRESSED   0x00000014   Data   RW         1801    .data               usb_init.o
    0x20000194   COMPRESSED   0x00000004   Data   RW         1824    .data               usb_int.o
    0x20000198   COMPRESSED   0x00000010   Data   RW         2357    .data               mass_mal.o
    0x200001a8   COMPRESSED   0x00000040   Data   RW         2391    .data               memory.o
    0x200001e8   COMPRESSED   0x0000006e   Data   RW         2419    .data               scsi_data.o
    0x20000256   COMPRESSED   0x00000002   PAD
    0x20000258   COMPRESSED   0x00000014   Data   RW         2438    .data               usb_bot.o
    0x2000026c   COMPRESSED   0x0000001a   Data   RW         2483    .data               usb_desc.o
    0x20000286   COMPRESSED   0x00000002   PAD
    0x20000288   COMPRESSED   0x0000003c   Data   RW         2514    .data               usb_istr.o
    0x200002c4   COMPRESSED   0x00000090   Data   RW         2545    .data               usb_prop.o
    0x20000354   COMPRESSED   0x0000000c   Data   RW         2642    .data               usb_pwr.o
    0x20000360   COMPRESSED   0x00000004   Data   RW         2785    .data               delay.o
    0x20000364   COMPRESSED   0x00000006   Data   RW         2842    .data               usart.o
    0x2000036a   COMPRESSED   0x00000014   Data   RW         3594    .data               stm32f10x_rcc.o
    0x2000037e   COMPRESSED   0x00000002   PAD
    0x20000380   COMPRESSED   0x00000014   Data   RW         4738    .data               system_stm32f10x.o
    0x20000394        -       0x00000400   Zero   RW          514    .bss                oled.o
    0x20000794        -       0x00001000   Zero   RW          808    .bss                flash.o
    0x20001794        -       0x00002a80   Zero   RW          909    .bss                malloc.o
    0x20004214        -       0x00000019   Zero   RW         1596    .bss                fontupd.o
    0x2000422d   COMPRESSED   0x00000003   PAD
    0x20004230        -       0x0000001c   Zero   RW         1800    .bss                usb_init.o
    0x2000424c        -       0x00000030   Zero   RW         2437    .bss                usb_bot.o
    0x2000427c        -       0x00000020   Zero   RW         2641    .bss                usb_pwr.o
    0x2000429c        -       0x000000c8   Zero   RW         2841    .bss                usart.o
    0x20004364        -       0x00000060   Zero   RW         4938    .bss                c_w.l(libspace.o)
    0x200043c4   COMPRESSED   0x00000004   PAD
    0x200043c8        -       0x00000200   Zero   RW         4769    HEAP                startup_stm32f10x_md.o
    0x200045c8        -       0x00000400   Zero   RW         4768    STACK               startup_stm32f10x_md.o


==============================================================================

Image component sizes


      Code (inc. data)   RO Data    RW Data    ZI Data      Debug   Object Name

       144         22          0          4          0       1076   delay.o
       506         20          0          2          0       6312   diskio.o
       100         18        100        340          0       1538   exfuns.o
      8424        158         58         10          0      36586   ff.o
       292        148          0          0          0        555   file_api.o
       840         98          0          2       4096       6465   flash.o
       672        146         72          0         25       3858   fontupd.o
       374        156          0          0          0       5265   hw_config.o
        88         14          0          0          0        467   key.o
        76         14          0          0          0        463   led.o
        16          0          0          0          0     242343   main.o
       364         30          0         20      10880       5174   malloc.o
       170          0          0         16          0       2783   mass_mal.o
       736         90          0         64          0       2731   memory.o
       172         22          0          0          0       2033   misc.o
      1324         56          0          1          0      10050   mmc_sd.o
       208         16        960          0          0       1915   myunicode.o
       732         38          0          0       1024       5712   oled.o
         0          0          0        110          0       1102   scsi_data.o
       404         18          0          0          0       2697   spi.o
        64         26        236          0       1536        820   startup_stm32f10x_md.o
        12          6          0          0          0        489   stm32f10x_exti.o
       286          0          0          0          0       3012   stm32f10x_gpio.o
        26          0          0          0          0       3538   stm32f10x_it.o
       276         32          0         20          0       4374   stm32f10x_rcc.o
       112          0          0          0          0       3738   stm32f10x_spi.o
       408          6          0          0          0       4910   stm32f10x_usart.o
         0          0          0          0          0         32   sys.o
       158         64          0          0          0        967   sys_api.o
       328         28          0         20          0       2285   system_stm32f10x.o
       330         26          0          6        200       4000   usart.o
      1232        118          0         20         48       4351   usb_bot.o
      3058        288          0          3          0      14675   usb_core.o
         0          0        146         26          0       1004   usb_desc.o
        16          0          0          0          0        853   usb_endp.o
         0          0          0         20         28       3699   usb_init.o
       648         32          0          4          0       1820   usb_int.o
       248         26          0         60          0       1432   usb_istr.o
        96         10          0          0          0       1860   usb_mem.o
       690        120          0        144          0      10870   usb_prop.o
       464         52          0         12         32       3592   usb_pwr.o
       684        102          0          0          0       9636   usb_regs.o
      1086        130          0          0          0       8886   usb_scsi.o
       128          8          0          0          0       2218   usb_sil.o

    ----------------------------------------------------------------------
     26032       2138       1604        916      17872     432186   Object Totals
         0          0         32          0          0          0   (incl. Generated)
        40          0          0         12          3          0   (incl. Padding)

    ----------------------------------------------------------------------

      Code (inc. data)   RO Data    RW Data    ZI Data      Debug   Library Member Name

        90          0          0          0          0          0   __dczerorl2.o
         8          0          0          0          0         68   __main.o
       312          4         17          0          0         92   __printf_flags_wp.o
        14          0          0          0          0         68   __printf_wp.o
         0          0          0          0          0          0   __rtentry.o
        12          0          0          0          0          0   __rtentry2.o
         6          0          0          0          0          0   __rtentry4.o
        52          8          0          0          0          0   __scatter.o
        28          0          0          0          0          0   __scatter_zi.o
        48          6          0          0          0         96   _printf_char_common.o
        36          4          0          0          0         80   _printf_char_file.o
         6          0          0          0          0          0   _printf_d.o
       120         16          0          0          0         92   _printf_dec.o
        88          4         40          0          0         88   _printf_hex_int.o
       178          0          0          0          0         88   _printf_intcommon.o
         0          0          0          0          0          0   _printf_percent.o
         4          0          0          0          0          0   _printf_percent_end.o
         6          0          0          0          0          0   _printf_x.o
        18          0          0          0          0         80   exit.o
         8          0          0          0          0         68   ferror.o
         6          0          0          0          0        152   heapauxi.o
         2          0          0          0          0          0   libinit.o
         2          0          0          0          0          0   libinit2.o
         2          0          0          0          0          0   libshutdown.o
         2          0          0          0          0          0   libshutdown2.o
         8          4          0          0         96         68   libspace.o
       238          0          0          0          0        100   lludivv7m.o
        24          4          0          0          0         84   noretval__2printf.o
         2          0          0          0          0          0   rtexit.o
        10          0          0          0          0          0   rtexit2.o
        74          0          0          0          0         80   sys_stackheap_outer.o
         2          0          0          0          0         68   use_no_semi.o
         2          0          0          0          0         68   use_no_semi_2.o

    ----------------------------------------------------------------------
      1414         50         58          0        100       1440   Library Totals
         6          0          1          0          4          0   (incl. Padding)

    ----------------------------------------------------------------------

      Code (inc. data)   RO Data    RW Data    ZI Data      Debug   Library Name

      1408         50         57          0         96       1440   c_w.l

    ----------------------------------------------------------------------
      1414         50         58          0        100       1440   Library Totals

    ----------------------------------------------------------------------

==============================================================================


      Code (inc. data)   RO Data    RW Data    ZI Data      Debug   

     27446       2188       1662        916      17972     420570   Grand Totals
     27446       2188       1662        288      17972     420570   ELF Image Totals (compressed)
     27446       2188       1662        288          0          0   ROM Totals

==============================================================================

    Total RO  Size (Code + RO Data)                29108 (  28.43kB)
    Total RW  Size (RW Data + ZI Data)             18888 (  18.45kB)
    Total ROM Size (Code + RO Data + RW Data)      29396 (  28.71kB)

==============================================================================

